Component: ARM Compiler 5.06 update 3 (build 300) Tool: armlink [4d35c9]

==============================================================================

Section Cross References

    startup_stm32f10x_hd.o(RESET) refers to startup_stm32f10x_hd.o(STACK) for __initial_sp
    startup_stm32f10x_hd.o(RESET) refers to startup_stm32f10x_hd.o(.text) for Reset_Handler
    startup_stm32f10x_hd.o(RESET) refers to stm32f10x_it.o(.text) for NMI_Handler
    startup_stm32f10x_hd.o(RESET) refers to pn532_dev.o(.text) for TIM2_IRQHandler
    startup_stm32f10x_hd.o(RESET) refers to bsp_serial.o(.text) for USART1_IRQHandler
    startup_stm32f10x_hd.o(RESET) refers to t8029.o(.text) for USART3_IRQHandler
    startup_stm32f10x_hd.o(.text) refers to system_stm32f10x.o(.text) for SystemInit
    startup_stm32f10x_hd.o(.text) refers to entry.o(.ARM.Collect$$$$00000000) for __main
    main.o(.text) refers to stm32f10x_rcc.o(.text) for RCC_DeInit
    main.o(.text) refers to stm32f10x_it.o(.text) for BspGetSysTicks
    main.o(.text) refers to strlen.o(.text) for strlen
    main.o(.text) refers to encryption.o(.text) for CRC16
    main.o(.text) refers to bsp_led.o(.text) for bsp_led_config
    main.o(.text) refers to bsp_serial.o(.text) for bsp_serial_config
    main.o(.text) refers to t8029.o(.text) for TDA8029_IO_Config
    main.o(.text) refers to pn532_dev.o(.text) for PN532_DevConfig
    main.o(.text) refers to psam1.o(.text) for PSAM_Config
    main.o(.text) refers to msg_process.o(.text) for msg_pack
    main.o(.text) refers to nfc.o(.text) for PN532_SAMConfiguration
    main.o(.text) refers to stm32f10x_gpio.o(.text) for GPIO_ResetBits
    main.o(.text) refers to memcmp.o(.text) for memcmp
    main.o(.text) refers to fm1208-z.o(.text) for FM1208_SelectFile
    main.o(.text) refers to main.o(.data) for NameLen
    main.o(.text) refers to main.o(.bss) for NameBuf
    main.o(.text) refers to msg_process.o(.bss) for g_tMsg
    main.o(.text) refers to nfc.o(.data) for UID
    main.o(.text) refers to memcpya.o(.text) for __aeabi_memcpy
    stm32f10x_it.o(.text) refers to stm32f10x_it.o(.data) for gSysTicks
    bsp_led.o(.text) refers to stm32f10x_rcc.o(.text) for RCC_APB2PeriphClockCmd
    bsp_led.o(.text) refers to stm32f10x_gpio.o(.text) for GPIO_Init
    bsp_serial.o(.text) refers to stm32f10x_rcc.o(.text) for RCC_AHBPeriphClockCmd
    bsp_serial.o(.text) refers to stm32f10x_dma.o(.text) for DMA_DeInit
    bsp_serial.o(.text) refers to stm32f10x_usart.o(.text) for USART_DMACmd
    bsp_serial.o(.text) refers to stm32f10x_gpio.o(.text) for GPIO_Init
    bsp_serial.o(.text) refers to misc.o(.text) for NVIC_Init
    bsp_serial.o(.text) refers to memcpya.o(.text) for __aeabi_memcpy
    bsp_serial.o(.text) refers to msg_process.o(.text) for DealMsg
    bsp_serial.o(.text) refers to strlen.o(.text) for strlen
    bsp_serial.o(.text) refers to bsp_serial.o(.bss) for tBspSer
    bsp_serial.o(.text) refers to msg_process.o(.bss) for g_tMsg
    msg_process.o(.text) refers to encryption.o(.text) for CRC16
    msg_process.o(.text) refers to memcpya.o(.text) for __aeabi_memcpy
    msg_process.o(.text) refers to bsp_serial.o(.text) for UART_Send_Data
    msg_process.o(.text) refers to msg_process.o(.constdata) for .constdata
    msg_process.o(.text) refers to main.o(.data) for gDeviceID
    msg_process.o(.text) refers to msg_process.o(.data) for serial
    stm32f10x_rcc.o(.text) refers to stm32f10x_rcc.o(.data) for APBAHBPrescTable
    stm32f10x_gpio.o(.text) refers to stm32f10x_rcc.o(.text) for RCC_APB2PeriphResetCmd
    stm32f10x_usart.o(.text) refers to stm32f10x_rcc.o(.text) for RCC_APB2PeriphResetCmd
    stm32f10x_tim.o(.text) refers to stm32f10x_rcc.o(.text) for RCC_APB2PeriphResetCmd
    system_stm32f10x.o(.text) refers to system_stm32f10x.o(.data) for SystemCoreClock
    pn532_dev.o(.text) refers to misc.o(.text) for NVIC_PriorityGroupConfig
    pn532_dev.o(.text) refers to stm32f10x_rcc.o(.text) for RCC_APB2PeriphClockCmd
    pn532_dev.o(.text) refers to stm32f10x_gpio.o(.text) for GPIO_Init
    pn532_dev.o(.text) refers to stm32f10x_usart.o(.text) for USART_Init
    pn532_dev.o(.text) refers to stm32f10x_tim.o(.text) for TIM_DeInit
    pn532_dev.o(.text) refers to nfc.o(.data) for PN532_RXCounter
    pn532_dev.o(.text) refers to nfc.o(.bss) for PN532_RxBuffer
    nfc.o(.text) refers to stm32f10x_it.o(.text) for BspGetSysTicks
    nfc.o(.text) refers to stm32f10x_usart.o(.text) for USART_SendData
    nfc.o(.text) refers to nfc.o(.bss) for PN532_RxBuffer
    nfc.o(.text) refers to nfc.o(.data) for PN532_RXCounter
    nfc.o(.text) refers to memcpya.o(.text) for __aeabi_memcpy
    nfc.o(.text) refers to memseta.o(.text) for __aeabi_memclr4
    nfc.o(.text) refers to nfc.o(.constdata) for .constdata
    nfc.o(.text) refers to printf8.o(i.__0printf$8) for __2printf
    fm1208-z.o(.text) refers to nfc.o(.text) for CardTransmit
    fm1208-z.o(.text) refers to memcpya.o(.text) for __aeabi_memcpy
[...]
    printf4.o(i.__0snprintf$4) refers to printf4.o(i._printf_core) for _printf_core
    printf4.o(i.__0snprintf$4) refers to printf4.o(i._snputc) for _snputc
    printf4.o(i.__0sprintf$4) refers to printf4.o(i._printf_core) for _printf_core
    printf4.o(i.__0sprintf$4) refers to printf4.o(i._sputc) for _sputc
    printf4.o(i.__0vfprintf$4) refers to printf4.o(i._printf_core) for _printf_core
    printf4.o(i.__0vfprintf$4) refers to main.o(.text) for fputc
    printf4.o(i.__0vprintf$4) refers to printf4.o(i._printf_core) for _printf_core
    printf4.o(i.__0vprintf$4) refers to main.o(.text) for fputc
    printf4.o(i.__0vprintf$4) refers to main.o(.data) for __stdout
    printf4.o(i.__0vsnprintf$4) refers to printf4.o(i._printf_core) for _printf_core
    printf4.o(i.__0vsnprintf$4) refers to printf4.o(i._snputc) for _snputc
    printf4.o(i.__0vsprintf$4) refers to printf4.o(i._printf_core) for _printf_core
    printf4.o(i.__0vsprintf$4) refers to printf4.o(i._sputc) for _sputc
    printf4.o(i._printf_core) refers to uldiv.o(.text) for __aeabi_uldivmod
    printf5.o(i.__0fprintf$5) refers to printf5.o(i._printf_core) for _printf_core
    printf5.o(i.__0fprintf$5) refers to main.o(.text) for fputc
    printf5.o(i.__0printf$5) refers to printf5.o(i._printf_core) for _printf_core
    printf5.o(i.__0printf$5) refers to main.o(.text) for fputc
    printf5.o(i.__0printf$5) refers to main.o(.data) for __stdout
    printf5.o(i.__0snprintf$5) refers to printf5.o(i._printf_core) for _printf_core
    printf5.o(i.__0snprintf$5) refers to printf5.o(i._snputc) for _snputc
    printf5.o(i.__0sprintf$5) refers to printf5.o(i._printf_core) for _printf_core
    printf5.o(i.__0sprintf$5) refers to printf5.o(i._sputc) for _sputc
    printf5.o(i.__0vfprintf$5) refers to printf5.o(i._printf_core) for _printf_core
    printf5.o(i.__0vfprintf$5) refers to main.o(.text) for fputc
    printf5.o(i.__0vprintf$5) refers to printf5.o(i._printf_core) for _printf_core
    printf5.o(i.__0vprintf$5) refers to main.o(.text) for fputc
    printf5.o(i.__0vprintf$5) refers to main.o(.data) for __stdout
    printf5.o(i.__0vsnprintf$5) refers to printf5.o(i._printf_core) for _printf_core
    printf5.o(i.__0vsnprintf$5) refers to printf5.o(i._snputc) for _snputc
    printf5.o(i.__0vsprintf$5) refers to printf5.o(i._printf_core) for _printf_core
    printf5.o(i.__0vsprintf$5) refers to printf5.o(i._sputc) for _sputc
    printf5.o(i._printf_core) refers to uldiv.o(.text) for __aeabi_uldivmod
    printf6.o(i.__0fprintf$6) refers to printf6.o(i._printf_core) for _printf_core
    printf6.o(i.__0fprintf$6) refers to main.o(.text) for fputc
    printf6.o(i.__0printf$6) refers to printf6.o(i._printf_core) for _printf_core
    printf6.o(i.__0printf$6) refers to main.o(.text) for fputc
    printf6.o(i.__0printf$6) refers to main.o(.data) for __stdout
    printf6.o(i.__0snprintf$6) refers to printf6.o(i._printf_core) for _printf_core
    printf6.o(i.__0snprintf$6) refers to printf6.o(i._snputc) for _snputc
    printf6.o(i.__0sprintf$6) refers to printf6.o(i._printf_core) for _printf_core
    printf6.o(i.__0sprintf$6) refers to printf6.o(i._sputc) for _sputc
    printf6.o(i.__0vfprintf$6) refers to printf6.o(i._printf_core) for _printf_core
    printf6.o(i.__0vfprintf$6) refers to main.o(.text) for fputc
    printf6.o(i.__0vprintf$6) refers to printf6.o(i._printf_core) for _printf_core
    printf6.o(i.__0vprintf$6) refers to main.o(.text) for fputc
    printf6.o(i.__0vprintf$6) refers to main.o(.data) for __stdout
    printf6.o(i.__0vsnprintf$6) refers to printf6.o(i._printf_core) for _printf_core
    printf6.o(i.__0vsnprintf$6) refers to printf6.o(i._snputc) for _snputc
    printf6.o(i.__0vsprintf$6) refers to printf6.o(i._printf_core) for _printf_core
    printf6.o(i.__0vsprintf$6) refers to printf6.o(i._sputc) for _sputc
    printf6.o(i._printf_core) refers to printf6.o(i._printf_pre_padding) for _printf_pre_padding
    printf6.o(i._printf_core) refers to uidiv.o(.text) for __aeabi_uidivmod
    printf6.o(i._printf_core) refers to printf6.o(i._printf_post_padding) for _printf_post_padding
    printf7.o(i.__0fprintf$7) refers to printf7.o(i._printf_core) for _printf_core
    printf7.o(i.__0fprintf$7) refers to main.o(.text) for fputc
    printf7.o(i.__0printf$7) refers to printf7.o(i._printf_core) for _printf_core
    printf7.o(i.__0printf$7) refers to main.o(.text) for fputc
    printf7.o(i.__0printf$7) refers to main.o(.data) for __stdout
    printf7.o(i.__0snprintf$7) refers to printf7.o(i._printf_core) for _printf_core
    printf7.o(i.__0snprintf$7) refers to printf7.o(i._snputc) for _snputc
    printf7.o(i.__0sprintf$7) refers to printf7.o(i._printf_core) for _printf_core
    printf7.o(i.__0sprintf$7) refers to printf7.o(i._sputc) for _sputc
    printf7.o(i.__0vfprintf$7) refers to printf7.o(i._printf_core) for _printf_core
    printf7.o(i.__0vfprintf$7) refers to main.o(.text) for fputc
    printf7.o(i.__0vprintf$7) refers to printf7.o(i._printf_core) for _printf_core
    printf7.o(i.__0vprintf$7) refers to main.o(.text) for fputc
    printf7.o(i.__0vprintf$7) refers to main.o(.data) for __stdout
    printf7.o(i.__0vsnprintf$7) refers to printf7.o(i._printf_core) for _printf_core
    printf7.o(i.__0vsnprintf$7) refers to printf7.o(i._snputc) for _snputc
    printf7.o(i.__0vsprintf$7) refers to printf7.o(i._printf_core) for _printf_core
    printf7.o(i.__0vsprintf$7) refers to printf7.o(i._sputc) for _sputc
    printf7.o(i._printf_core) refers to printf7.o(i._printf_pre_padding) for _printf_pre_padding
    printf7.o(i._printf_core) refers to uldiv.o(.text) for __aeabi_uldivmod
    printf7.o(i._printf_core) refers to printf7.o(i._printf_post_padding) for _printf_post_padding
    printf8.o(i.__0fprintf$8) refers to printf8.o(i._printf_core) for _printf_core
    printf8.o(i.__0fprintf$8) refers to main.o(.text) for fputc
    printf8.o(i.__0printf$8) refers to printf8.o(i._printf_core) for _printf_core
    printf8.o(i.__0printf$8) refers to main.o(.text) for fputc
    printf8.o(i.__0printf$8) refers to main.o(.data) for __stdout
    printf8.o(i.__0snprintf$8) refers to printf8.o(i._printf_core) for _printf_core
    printf8.o(i.__0snprintf$8) refers to printf8.o(i._snputc) for _snputc
    printf8.o(i.__0sprintf$8) refers to printf8.o(i._printf_core) for _printf_core
    printf8.o(i.__0sprintf$8) refers to printf8.o(i._sputc) for _sputc
    printf8.o(i.__0vfprintf$8) refers to printf8.o(i._printf_core) for _printf_core
    printf8.o(i.__0vfprintf$8) refers to main.o(.text) for fputc
    printf8.o(i.__0vprintf$8) refers to printf8.o(i._printf_core) for _printf_core
    printf8.o(i.__0vprintf$8) refers to main.o(.text) for fputc
    printf8.o(i.__0vprintf$8) refers to main.o(.data) for __stdout
    printf8.o(i.__0vsnprintf$8) refers to printf8.o(i._printf_core) for _printf_core
    printf8.o(i.__0vsnprintf$8) refers to printf8.o(i._snputc) for _snputc
    printf8.o(i.__0vsprintf$8) refers to printf8.o(i._printf_core) for _printf_core
    printf8.o(i.__0vsprintf$8) refers to printf8.o(i._sputc) for _sputc
    printf8.o(i._printf_core) refers to printf8.o(i._printf_pre_padding) for _printf_pre_padding
    printf8.o(i._printf_core) refers to uldiv.o(.text) for __aeabi_uldivmod
    printf8.o(i._printf_core) refers to printf8.o(i._printf_post_padding) for _printf_post_padding
    printfa.o(i.__0fprintf) refers (Special) to iusefp.o(.text) for __I$use$fp
    printfa.o(i.__0fprintf) refers to printfa.o(i._printf_core) for _printf_core
    printfa.o(i.__0fprintf) refers to main.o(.text) for fputc
    printfa.o(i.__0printf) refers (Special) to iusefp.o(.text) for __I$use$fp
    printfa.o(i.__0printf) refers to printfa.o(i._printf_core) for _printf_core
    printfa.o(i.__0printf) refers to main.o(.text) for fputc
    printfa.o(i.__0printf) refers to main.o(.data) for __stdout
    printfa.o(i.__0snprintf) refers (Special) to iusefp.o(.text) for __I$use$fp
    printfa.o(i.__0snprintf) refers to printfa.o(i._printf_core) for _printf_core
    printfa.o(i.__0snprintf) refers to printfa.o(i._snputc) for _snputc
    printfa.o(i.__0sprintf) refers (Special) to iusefp.o(.text) for __I$use$fp
    printfa.o(i.__0sprintf) refers to printfa.o(i._printf_core) for _printf_core
    printfa.o(i.__0sprintf) refers to printfa.o(i._sputc) for _sputc
    printfa.o(i.__0vfprintf) refers (Special) to iusefp.o(.text) for __I$use$fp
    printfa.o(i.__0vfprintf) refers to printfa.o(i._printf_core) for _printf_core
    printfa.o(i.__0vfprintf) refers to main.o(.text) for fputc
    printfa.o(i.__0vprintf) refers (Special) to iusefp.o(.text) for __I$use$fp
    printfa.o(i.__0vprintf) refers to printfa.o(i._printf_core) for _printf_core
    printfa.o(i.__0vprintf) refers to main.o(.text) for fputc
    printfa.o(i.__0vprintf) refers to main.o(.data) for __stdout
    printfa.o(i.__0vsnprintf) refers (Special) to iusefp.o(.text) for __I$use$fp
    printfa.o(i.__0vsnprintf) refers to printfa.o(i._printf_core) for _printf_core
    printfa.o(i.__0vsnprintf) refers to printfa.o(i._snputc) for _snputc
    printfa.o(i.__0vsprintf) refers (Special) to iusefp.o(.text) for __I$use$fp
    printfa.o(i.__0vsprintf) refers to printfa.o(i._printf_core) for _printf_core
    printfa.o(i.__0vsprintf) refers to printfa.o(i._sputc) for _sputc
    printfa.o(i._fp_digits) refers (Special) to iusefp.o(.text) for __I$use$fp
    printfa.o(i._fp_digits) refers to dmul.o(.text) for __aeabi_dmul
    printfa.o(i._fp_digits) refers to ddiv.o(.text) for __aeabi_ddiv
    printfa.o(i._fp_digits) refers to cdrcmple.o(.text) for __aeabi_cdrcmple
    printfa.o(i._fp_digits) refers to dadd.o(.text) for __aeabi_dadd
    printfa.o(i._fp_digits) refers to dfixul.o(.text) for __aeabi_d2ulz
    printfa.o(i._fp_digits) refers to uldiv.o(.text) for __aeabi_uldivmod
    printfa.o(i._printf_core) refers (Special) to iusefp.o(.text) for __I$use$fp
    printfa.o(i._printf_core) refers to printfa.o(i._printf_pre_padding) for _printf_pre_padding
    printfa.o(i._printf_core) refers to uldiv.o(.text) for __aeabi_uldivmod
    printfa.o(i._printf_core) refers to printfa.o(i._printf_post_padding) for _printf_post_padding
    printfa.o(i._printf_core) refers to printfa.o(i._fp_digits) for _fp_digits
    printfa.o(i._printf_core) refers to uidiv.o(.text) for __aeabi_uidivmod
    printfa.o(i._printf_post_padding) refers (Special) to iusefp.o(.text) for __I$use$fp
    printfa.o(i._printf_pre_padding) refers (Special) to iusefp.o(.text) for __I$use$fp
    printfa.o(i._snputc) refers (Special) to iusefp.o(.text) for __I$use$fp
    printfa.o(i._sputc) refers (Special) to iusefp.o(.text) for __I$use$fp
    entry2.o(.ARM.Collect$$$$00000001) refers to entry2.o(.ARM.Collect$$$$00002712) for __lit__00000000
    entry2.o(.ARM.Collect$$$$00002712) refers to startup_stm32f10x_hd.o(STACK) for __initial_sp
    entry2.o(__vectab_stack_and_reset_area) refers to startup_stm32f10x_hd.o(STACK) for __initial_sp
    entry2.o(__vectab_stack_and_reset_area) refers to entry.o(.ARM.Collect$$$$00000000) for __main
    entry5.o(.ARM.Collect$$$$00000004) refers to init.o(.text) for __scatterload
    entry9a.o(.ARM.Collect$$$$0000000B) refers to main.o(.text) for main
    entry9b.o(.ARM.Collect$$$$0000000C) refers to main.o(.text) for main
    uldiv.o(.text) refers to llushr.o(.text) for __aeabi_llsr
    uldiv.o(.text) refers to llshl.o(.text) for __aeabi_llsl
    dadd.o(.text) refers to llshl.o(.text) for __aeabi_llsl
    dadd.o(.text) refers to llsshr.o(.text) for __aeabi_lasr
    dadd.o(.text) refers to depilogue.o(.text) for _double_epilogue
    dmul.o(.text) refers to depilogue.o(.text) for _double_epilogue
    ddiv.o(.text) refers to depilogue.o(.text) for _double_round
    dfixul.o(.text) refers to llushr.o(.text) for __aeabi_llsr
    dfixul.o(.text) refers to llshl.o(.text) for __aeabi_llsl
    init.o(.text) refers to entry5.o(.ARM.Collect$$$$00000004) for __main_after_scatterload
    depilogue.o(.text) refers to llshl.o(.text) for __aeabi_llsl
    depilogue.o(.text) refers to llushr.o(.text) for __aeabi_llsr


==============================================================================

Removing Unused input sections from the image.

    Removing startup_stm32f10x_hd.o(HEAP), (512 bytes).
    Removing core_cm3.o(.emb_text), (32 bytes).
    Removing iso14443a.o(.text), (1864 bytes).
    Removing iso14443a.o(.bss), (540 bytes).
    Removing iso14443a.o(.constdata), (4 bytes).
    Removing iso14443a.o(.data), (29 bytes).
    Removing mirror-subr.o(.text), (68 bytes).
    Removing mirror-subr.o(.constdata), (256 bytes).
    Removing dadd.o(.text), (334 bytes).
    Removing dmul.o(.text), (228 bytes).
    Removing ddiv.o(.text), (222 bytes).
    Removing dfixul.o(.text), (48 bytes).
    Removing cdrcmple.o(.text), (48 bytes).
    Removing depilogue.o(.text), (186 bytes).

14 unused section(s) (total 4371 bytes) removed from the image.

==============================================================================

Image Symbol Table

    Local Symbols

    Symbol Name                              Value     Ov Type        Size  Object(Section)

    ../clib/microlib/division.c              0x00000000   Number         0  uldiv.o ABSOLUTE
    ../clib/microlib/division.c              0x00000000   Number         0  uidiv.o ABSOLUTE
    ../clib/microlib/init/entry.s            0x00000000   Number         0  entry9a.o ABSOLUTE
    ../clib/microlib/init/entry.s            0x00000000   Number         0  entry7b.o ABSOLUTE
    ../clib/microlib/init/entry.s            0x00000000   Number         0  entry7a.o ABSOLUTE
    ../clib/microlib/init/entry.s            0x00000000   Number         0  entry5.o ABSOLUTE
    ../clib/microlib/init/entry.s            0x00000000   Number         0  entry2.o ABSOLUTE
    ../clib/microlib/init/entry.s            0x00000000   Number         0  entry11b.o ABSOLUTE
    ../clib/microlib/init/entry.s            0x00000000   Number         0  entry11a.o ABSOLUTE
    ../clib/microlib/init/entry.s            0x00000000   Number         0  entry10b.o ABSOLUTE
    ../clib/microlib/init/entry.s            0x00000000   Number         0  entry10a.o ABSOLUTE
    ../clib/microlib/init/entry.s            0x00000000   Number         0  entry9b.o ABSOLUTE
    ../clib/microlib/init/entry.s            0x00000000   Number         0  entry.o ABSOLUTE
    ../clib/microlib/init/entry.s            0x00000000   Number         0  entry8b.o ABSOLUTE
    ../clib/microlib/init/entry.s            0x00000000   Number         0  entry8a.o ABSOLUTE
    ../clib/microlib/longlong.c              0x00000000   Number         0  llushr.o ABSOLUTE
    ../clib/microlib/longlong.c              0x00000000   Number         0  llsshr.o ABSOLUTE
    ../clib/microlib/longlong.c              0x00000000   Number         0  llshl.o ABSOLUTE
    ../clib/microlib/printf/printf.c         0x00000000   Number         0  printf0.o ABSOLUTE
    ../clib/microlib/printf/printf.c         0x00000000   Number         0  printf1.o ABSOLUTE
    ../clib/microlib/printf/printf.c         0x00000000   Number         0  printf2.o ABSOLUTE
    ../clib/microlib/printf/printf.c         0x00000000   Number         0  printf6.o ABSOLUTE
    ../clib/microlib/printf/printf.c         0x00000000   Number         0  printf3.o ABSOLUTE
    ../clib/microlib/printf/printf.c         0x00000000   Number         0  printf4.o ABSOLUTE
    ../clib/microlib/printf/printf.c         0x00000000   Number         0  printf5.o ABSOLUTE
    ../clib/microlib/printf/printf.c         0x00000000   Number         0  printfa.o ABSOLUTE
    ../clib/microlib/printf/printf.c         0x00000000   Number         0  printf8.o ABSOLUTE
    ../clib/microlib/printf/printf.c         0x00000000   Number         0  printf7.o ABSOLUTE
    ../clib/microlib/printf/printf.c         0x00000000   Number         0  printfb.o ABSOLUTE
    ../clib/microlib/printf/stubs.s          0x00000000   Number         0  stubs.o ABSOLUTE
    ../clib/microlib/string/memcmp.c         0x00000000   Number         0  memcmp.o ABSOLUTE
    ../clib/microlib/string/memcpy.c         0x00000000   Number         0  memcpyb.o ABSOLUTE
    ../clib/microlib/string/memcpy.c         0x00000000   Number         0  memcpya.o ABSOLUTE
    ../clib/microlib/string/memset.c         0x00000000   Number         0  memseta.o ABSOLUTE
    ../clib/microlib/string/strlen.c         0x00000000   Number         0  strlen.o ABSOLUTE
    ../clib/microlib/stubs.s                 0x00000000   Number         0  iusefp.o ABSOLUTE
    ../clib/microlib/stubs.s                 0x00000000   Number         0  useno.o ABSOLUTE
    ../fplib/microlib/fpadd.c                0x00000000   Number         0  dadd.o ABSOLUTE
    ../fplib/microlib/fpdiv.c                0x00000000   Number         0  ddiv.o ABSOLUTE
    ../fplib/microlib/fpepilogue.c           0x00000000   Number         0  depilogue.o ABSOLUTE
    ../fplib/microlib/fpfix.c                0x00000000   Number         0  dfixul.o ABSOLUTE
    ../fplib/microlib/fpmul.c                0x00000000   Number         0  dmul.o ABSOLUTE
    ..\CMSIS\core_cm3.c                      0x00000000   Number         0  core_cm3.o ABSOLUTE
    ..\CMSIS\startup\startup_stm32f10x_hd.s  0x00000000   Number         0  startup_stm32f10x_hd.o ABSOLUTE
    ..\CMSIS\system_stm32f10x.c              0x00000000   Number         0  system_stm32f10x.o ABSOLUTE
    ..\FWlib\src\misc.c                      0x00000000   Number         0  misc.o ABSOLUTE
    ..\FWlib\src\stm32f10x_dma.c             0x00000000   Number         0  stm32f10x_dma.o ABSOLUTE
    ..\FWlib\src\stm32f10x_gpio.c            0x00000000   Number         0  stm32f10x_gpio.o ABSOLUTE
    ..\FWlib\src\stm32f10x_rcc.c             0x00000000   Number         0  stm32f10x_rcc.o ABSOLUTE
    ..\FWlib\src\stm32f10x_tim.c             0x00000000   Number         0  stm32f10x_tim.o ABSOLUTE
    ..\FWlib\src\stm32f10x_usart.c           0x00000000   Number         0  stm32f10x_usart.o ABSOLUTE
    ..\\CMSIS\\core_cm3.c                    0x00000000   Number         0  core_cm3.o ABSOLUTE
    cdrcmple.s                               0x00000000   Number         0  cdrcmple.o ABSOLUTE
    dc.s                                     0x00000000   Number         0  dc.o ABSOLUTE
    handlers.s                               0x00000000   Number         0  handlers.o ABSOLUTE
    init.s                                   0x00000000   Number         0  init.o ABSOLUTE
    main.c                                   0x00000000   Number         0  main.o ABSOLUTE
    src\FM1208-z.c                           0x00000000   Number         0  fm1208-z.o ABSOLUTE
    src\ISO14443A.C                          0x00000000   Number         0  iso14443a.o ABSOLUTE
    src\PN532\nfc.c                          0x00000000   Number         0  nfc.o ABSOLUTE
    src\PN532\pn532_dev.c                    0x00000000   Number         0  pn532_dev.o ABSOLUTE
    src\TDA8029\T8029.c                      0x00000000   Number         0  t8029.o ABSOLUTE
    src\TDA8029\atr.c                        0x00000000   Number         0  atr.o ABSOLUTE
    src\TDA8029\psam1.c                      0x00000000   Number         0  psam1.o ABSOLUTE
    src\bsp_led.c                            0x00000000   Number         0  bsp_led.o ABSOLUTE
    src\bsp_serial.c                         0x00000000   Number         0  bsp_serial.o ABSOLUTE
    src\cpucard_deposit.c                    0x00000000   Number         0  cpucard_deposit.o ABSOLUTE
    src\des.c                                0x00000000   Number         0  des.o ABSOLUTE
    src\encryption.c                         0x00000000   Number         0  encryption.o ABSOLUTE
    src\fifo.c                               0x00000000   Number         0  fifo.o ABSOLUTE
    src\mirror-subr.c                        0x00000000   Number         0  mirror-subr.o ABSOLUTE
    src\msg_process.c                        0x00000000   Number         0  msg_process.o ABSOLUTE
    stm32f10x_it.c                           0x00000000   Number         0  stm32f10x_it.o ABSOLUTE
    RESET                                    0x08000000   Section      304  startup_stm32f10x_hd.o(RESET)
    .ARM.Collect$$$$00000000                 0x08000130   Section        0  entry.o(.ARM.Collect$$$$00000000)
    .ARM.Collect$$$$00000001                 0x08000130   Section        4  entry2.o(.ARM.Collect$$$$00000001)
    .ARM.Collect$$$$00000004                 0x08000134   Section        4  entry5.o(.ARM.Collect$$$$00000004)
    .ARM.Collect$$$$00000008                 0x08000138   Section        0  entry7b.o(.ARM.Collect$$$$00000008)
    .ARM.Collect$$$$0000000A                 0x08000138   Section        0  entry8b.o(.ARM.Collect$$$$0000000A)
    .ARM.Collect$$$$0000000B                 0x08000138   Section        8  entry9a.o(.ARM.Collect$$$$0000000B)
    .ARM.Collect$$$$0000000D                 0x08000140   Section        0  entry10a.o(.ARM.Collect$$$$0000000D)
    .ARM.Collect$$$$0000000F                 0x08000140   Section        0  entry11a.o(.ARM.Collect$$$$0000000F)
    .ARM.Collect$$$$00002712                 0x08000140   Section        4  entry2.o(.ARM.Collect$$$$00002712)
    __lit__00000000                          0x08000140   Data           4  entry2.o(.ARM.Collect$$$$00002712)
    .text                                    0x08000144   Section       36  startup_stm32f10x_hd.o(.text)
    .text                                    0x08000168   Section        0  main.o(.text)
    RCC_Configuration                        0x08000169   Thumb Code    92  main.o(.text)
    main_delay_10ms                          0x080001c5   Thumb Code    26  main.o(.text)
    NameToStr                                0x080001df   Thumb Code    38  main.o(.text)
    .text                                    0x0800084c   Section        0  stm32f10x_it.o(.text)
    .text                                    0x080008a4   Section        0  bsp_led.o(.text)
    .text                                    0x080008d8   Section        0  bsp_serial.o(.text)
    .text                                    0x08000d48   Section        0  msg_process.o(.text)
    .text                                    0x08000f44   Section        0  stm32f10x_rcc.o(.text)
    .text                                    0x080012e8   Section        0  stm32f10x_gpio.o(.text)
    .text                                    0x08001644   Section        0  stm32f10x_usart.o(.text)
    .text                                    0x08001a4c   Section        0  misc.o(.text)
    .text                                    0x08001b28   Section        0  stm32f10x_tim.o(.text)
    TI4_Config                               0x08001fcf   Thumb Code   130  stm32f10x_tim.o(.text)
    TI3_Config                               0x08002063   Thumb Code   122  stm32f10x_tim.o(.text)
    TI2_Config                               0x080020f7   Thumb Code   130  stm32f10x_tim.o(.text)
    TI1_Config                               0x0800218b   Thumb Code   108  stm32f10x_tim.o(.text)
    .text                                    0x08002944   Section        0  stm32f10x_dma.o(.text)
    .text                                    0x08002b98   Section        0  system_stm32f10x.o(.text)
    SetSysClockTo72                          0x08002b99   Thumb Code   214  system_stm32f10x.o(.text)
    SetSysClock                              0x08002c6f   Thumb Code     8  system_stm32f10x.o(.text)
    .text                                    0x08002d78   Section        0  pn532_dev.o(.text)
    .text                                    0x08002f60   Section        0  nfc.o(.text)
    .text                                    0x08003948   Section        0  fm1208-z.o(.text)
    .text                                    0x08004318   Section        0  t8029.o(.text)
    tda_delay_10ms                           0x08004319   Thumb Code    26  t8029.o(.text)
    TDA8029_UartBuffer_Config                0x080044cb   Thumb Code    28  t8029.o(.text)
    .text                                    0x08004914   Section        0  atr.o(.text)
    ATR_GetIntegerValue                      0x08004915   Thumb Code   140  atr.o(.text)
    .text                                    0x08004cec   Section        0  psam1.o(.text)
    psam_delay_10ms                          0x08004ced   Thumb Code    26  psam1.o(.text)
    .text                                    0x080057ea   Section        0  fifo.o(.text)
    .text                                    0x080059c8   Section        0  des.o(.text)
    .text                                    0x080075e0   Section        0  encryption.o(.text)
    .text                                    0x08007628   Section        0  memcpya.o(.text)
    .text                                    0x0800764c   Section        0  memseta.o(.text)
    .text                                    0x08007670   Section        0  strlen.o(.text)
    .text                                    0x0800767e   Section        0  memcmp.o(.text)
    .text                                    0x08007698   Section        0  uldiv.o(.text)
    .text                                    0x080076fc   Section       36  init.o(.text)
    .text                                    0x08007720   Section        0  llshl.o(.text)
    .text                                    0x0800773e   Section        0  llushr.o(.text)
    i.__0printf$8                            0x08007760   Section        0  printf8.o(i.__0printf$8)
    i.__scatterload_copy                     0x08007780   Section       14  handlers.o(i.__scatterload_copy)
    i.__scatterload_null                     0x0800778e   Section        2  handlers.o(i.__scatterload_null)
    i.__scatterload_zeroinit                 0x08007790   Section       14  handlers.o(i.__scatterload_zeroinit)
    i._printf_core                           0x080077a0   Section        0  printf8.o(i._printf_core)
    _printf_core                             0x080077a1   Thumb Code   996  printf8.o(i._printf_core)
    i._printf_post_padding                   0x08007bb0   Section        0  printf8.o(i._printf_post_padding)
    _printf_post_padding                     0x08007bb1   Thumb Code    36  printf8.o(i._printf_post_padding)
    i._printf_pre_padding                    0x08007bd4   Section        0  printf8.o(i._printf_pre_padding)
    _printf_pre_padding                      0x08007bd5   Thumb Code    46  printf8.o(i._printf_pre_padding)
    .constdata                               0x08007c04   Section      272  msg_process.o(.constdata)
    .constdata                               0x08007d14   Section        4  nfc.o(.constdata)
    .constdata                               0x08007d18   Section      104  atr.o(.constdata)
    atr_num_ib_table                         0x08007d18   Data          32  atr.o(.constdata)
    atr_i_table                              0x08007d78   Data           8  atr.o(.constdata)
    .constdata                               0x08007d80   Section      512  des.o(.constdata)
    .constdata                               0x08007f80   Section      512  encryption.o(.constdata)
    .data                                    0x20000000   Section      153  main.o(.data)
    S_KEY                                    0x2000000c   Data          16  main.o(.data)
    DPKey_Flag                               0x2000001c   Data           1  main.o(.data)
    DF_ExKey_Flag                            0x2000001d   Data           1  main.o(.data)
    DF_Inital_Key_Flag                       0x2000001e   Data           1  main.o(.data)
    FM1208_DF_0015_Flag                      0x2000001f   Data           2  main.o(.data)
    FM1208_DF_0016_Flag                      0x20000021   Data           2  main.o(.data)
    File_0016_s                              0x20000023   Data           1  main.o(.data)
    DateTime                                 0x20000024   Data           7  main.o(.data)
    gCpuReadState                            0x20000098   Data           1  main.o(.data)
    .data                                    0x2000009c   Section        4  stm32f10x_it.o(.data)
    .data                                    0x200000a0   Section        1  msg_process.o(.data)
    serial                                   0x200000a0   Data           1  msg_process.o(.data)
    .data                                    0x200000a1   Section       20  stm32f10x_rcc.o(.data)
    APBAHBPrescTable                         0x200000a1   Data          16  stm32f10x_rcc.o(.data)
    ADCPrescTable                            0x200000b1   Data           4  stm32f10x_rcc.o(.data)
    .data                                    0x200000b8   Section       20  system_stm32f10x.o(.data)
    .data                                    0x200000cc   Section       15  nfc.o(.data)
    .data                                    0x200000db   Section        1  t8029.o(.data)
    tda_timeout                              0x200000db   Data           1  t8029.o(.data)
    .data                                    0x200000dc   Section        1  psam1.o(.data)
    .data                                    0x200000dd   Section       12  des.o(.data)
    .bss                                     0x200000ec   Section      516  main.o(.bss)
    .bss                                     0x200002f0   Section       68  bsp_serial.o(.bss)
    .bss                                     0x20000334   Section      260  msg_process.o(.bss)
    .bss                                     0x20000438   Section      291  nfc.o(.bss)
    .bss                                     0x2000055c   Section     1080  t8029.o(.bss)
    .bss                                     0x20000994   Section       84  psam1.o(.bss)
    .bss                                     0x200009e8   Section      192  des.o(.bss)
    STACK                                    0x20000aa8   Section     1024  startup_stm32f10x_hd.o(STACK)

    Global Symbols

    Symbol Name                              Value     Ov Type        Size  Object(Section)

    BuildAttributes$$THM_ISAv4$P$D$K$B$S$PE$A:L22UL41UL21$X:L11$S22US41US21$IEEE1$IW$USESV6$~STKCKD$USESV7$~SHL$OSPACE$ROPI$EBA8$MICROLIB$REQ8$PRES8$EABIv2 0x00000000   Number         0  anon$$obj.o ABSOLUTE
    __ARM_use_no_argv                        0x00000000   Number         0  main.o ABSOLUTE
    __use_no_errno                           0x00000000   Number         0  useno.o ABSOLUTE
    __use_no_exception_handling              0x00000000   Number         0  useno.o ABSOLUTE
    __use_no_fp                              0x00000000   Number         0  useno.o ABSOLUTE
    __use_no_heap                            0x00000000   Number         0  useno.o ABSOLUTE
    __use_no_heap_region                     0x00000000   Number         0  useno.o ABSOLUTE
    __use_no_semihosting                     0x00000000   Number         0  useno.o ABSOLUTE
    __use_no_semihosting_swi                 0x00000000   Number         0  useno.o ABSOLUTE
    __use_no_signal_handling                 0x00000000   Number         0  useno.o ABSOLUTE
    _printf_a                                0x00000000   Number         0  stubs.o ABSOLUTE
    _printf_c                                0x00000000   Number         0  stubs.o ABSOLUTE
    _printf_charcount                        0x00000000   Number         0  stubs.o ABSOLUTE
    _printf_d                                0x00000000   Number         0  stubs.o ABSOLUTE
    _printf_e                                0x00000000   Number         0  stubs.o ABSOLUTE
    _printf_f                                0x00000000   Number         0  stubs.o ABSOLUTE
    _printf_flags                            0x00000000   Number         0  stubs.o ABSOLUTE
    _printf_fp_dec                           0x00000000   Number         0  stubs.o ABSOLUTE
    _printf_fp_hex                           0x00000000   Number         0  stubs.o ABSOLUTE
    _printf_g                                0x00000000   Number         0  stubs.o ABSOLUTE
    _printf_i                                0x00000000   Number         0  stubs.o ABSOLUTE
    _printf_int_dec                          0x00000000   Number         0  stubs.o ABSOLUTE
    _printf_l                                0x00000000   Number         0  stubs.o ABSOLUTE
    _printf_lc                               0x00000000   Number         0  stubs.o ABSOLUTE
    _printf_ll                               0x00000000   Number         0  stubs.o ABSOLUTE
    _printf_lld                              0x00000000   Number         0  stubs.o ABSOLUTE
    _printf_lli                              0x00000000   Number         0  stubs.o ABSOLUTE
    _printf_llo                              0x00000000   Number         0  stubs.o ABSOLUTE
    _printf_llu                              0x00000000   Number         0  stubs.o ABSOLUTE
    _printf_llx                              0x00000000   Number         0  stubs.o ABSOLUTE
    _printf_longlong_dec                     0x00000000   Number         0  stubs.o ABSOLUTE
    _printf_longlong_hex                     0x00000000   Number         0  stubs.o ABSOLUTE
    _printf_longlong_oct                     0x00000000   Number         0  stubs.o ABSOLUTE
    _printf_ls                               0x00000000   Number         0  stubs.o ABSOLUTE
    _printf_mbtowc                           0x00000000   Number         0  stubs.o ABSOLUTE
    _printf_n                                0x00000000   Number         0  stubs.o ABSOLUTE
    _printf_o                                0x00000000   Number         0  stubs.o ABSOLUTE
    _printf_p                                0x00000000   Number         0  stubs.o ABSOLUTE
    _printf_percent                          0x00000000   Number         0  stubs.o ABSOLUTE
    _printf_pre_padding                      0x00000000   Number         0  stubs.o ABSOLUTE
    _printf_return_value                     0x00000000   Number         0  stubs.o ABSOLUTE
    _printf_s                                0x00000000   Number         0  stubs.o ABSOLUTE
    _printf_sizespec                         0x00000000   Number         0  stubs.o ABSOLUTE
    _printf_str                              0x00000000   Number         0  stubs.o ABSOLUTE
    _printf_truncate_signed                  0x00000000   Number         0  stubs.o ABSOLUTE
    _printf_truncate_unsigned                0x00000000   Number         0  stubs.o ABSOLUTE
    _printf_u                                0x00000000   Number         0  stubs.o ABSOLUTE
    _printf_wc                               0x00000000   Number         0  stubs.o ABSOLUTE
    _printf_wctomb                           0x00000000   Number         0  stubs.o ABSOLUTE
    _printf_widthprec                        0x00000000   Number         0  stubs.o ABSOLUTE
    _printf_x                                0x00000000   Number         0  stubs.o ABSOLUTE
    __cpp_initialize__aeabi_                  - Undefined Weak Reference
    __cxa_finalize                            - Undefined Weak Reference
    __decompress                              - Undefined Weak Reference
    _clock_init                               - Undefined Weak Reference
    _microlib_exit                            - Undefined Weak Reference
    __Vectors_Size                           0x00000130   Number         0  startup_stm32f10x_hd.o ABSOLUTE
    __Vectors                                0x08000000   Data           4  startup_stm32f10x_hd.o(RESET)
    __Vectors_End                            0x08000130   Data           0  startup_stm32f10x_hd.o(RESET)
    __main                                   0x08000131   Thumb Code     0  entry.o(.ARM.Collect$$$$00000000)
    _main_stk                                0x08000131   Thumb Code     0  entry2.o(.ARM.Collect$$$$00000001)
    _main_scatterload                        0x08000135   Thumb Code     0  entry5.o(.ARM.Collect$$$$00000004)
    __main_after_scatterload                 0x08000139   Thumb Code     0  entry5.o(.ARM.Collect$$$$00000004)
    _main_clock                              0x08000139   Thumb Code     0  entry7b.o(.ARM.Collect$$$$00000008)
    _main_cpp_init                           0x08000139   Thumb Code     0  entry8b.o(.ARM.Collect$$$$0000000A)
    _main_init                               0x08000139   Thumb Code     0  entry9a.o(.ARM.Collect$$$$0000000B)
    __rt_final_cpp                           0x08000141   Thumb Code     0  entry10a.o(.ARM.Collect$$$$0000000D)
    __rt_final_exit                          0x08000141   Thumb Code     0  entry11a.o(.ARM.Collect$$$$0000000F)
    Reset_Handler                            0x08000145   Thumb Code     8  startup_stm32f10x_hd.o(.text)
    ADC1_2_IRQHandler                        0x0800015f   Thumb Code     0  startup_stm32f10x_hd.o(.text)
    ADC3_IRQHandler                          0x0800015f   Thumb Code     0  startup_stm32f10x_hd.o(.text)
    CAN1_RX1_IRQHandler                      0x0800015f   Thumb Code     0  startup_stm32f10x_hd.o(.text)
    CAN1_SCE_IRQHandler                      0x0800015f   Thumb Code     0  startup_stm32f10x_hd.o(.text)
    DMA1_Channel1_IRQHandler                 0x0800015f   Thumb Code     0  startup_stm32f10x_hd.o(.text)
    DMA1_Channel2_IRQHandler                 0x0800015f   Thumb Code     0  startup_stm32f10x_hd.o(.text)
    DMA1_Channel3_IRQHandler                 0x0800015f   Thumb Code     0  startup_stm32f10x_hd.o(.text)
    DMA1_Channel4_IRQHandler                 0x0800015f   Thumb Code     0  startup_stm32f10x_hd.o(.text)
    DMA1_Channel5_IRQHandler                 0x0800015f   Thumb Code     0  startup_stm32f10x_hd.o(.text)
    DMA1_Channel6_IRQHandler                 0x0800015f   Thumb Code     0  startup_stm32f10x_hd.o(.text)
    DMA1_Channel7_IRQHandler                 0x0800015f   Thumb Code     0  startup_stm32f10x_hd.o(.text)
    DMA2_Channel1_IRQHandler                 0x0800015f   Thumb Code     0  startup_stm32f10x_hd.o(.text)
    DMA2_Channel2_IRQHandler                 0x0800015f   Thumb Code     0  startup_stm32f10x_hd.o(.text)
    DMA2_Channel3_IRQHandler                 0x0800015f   Thumb Code     0  startup_stm32f10x_hd.o(.text)
    DMA2_Channel4_5_IRQHandler               0x0800015f   Thumb Code     0  startup_stm32f10x_hd.o(.text)
    EXTI0_IRQHandler                         0x0800015f   Thumb Code     0  startup_stm32f10x_hd.o(.text)
    EXTI15_10_IRQHandler                     0x0800015f   Thumb Code     0  startup_stm32f10x_hd.o(.text)
    EXTI1_IRQHandler                         0x0800015f   Thumb Code     0  startup_stm32f10x_hd.o(.text)
    EXTI2_IRQHandler                         0x0800015f   Thumb Code     0  startup_stm32f10x_hd.o(.text)
    EXTI3_IRQHandler                         0x0800015f   Thumb Code     0  startup_stm32f10x_hd.o(.text)
    EXTI4_IRQHandler                         0x0800015f   Thumb Code     0  startup_stm32f10x_hd.o(.text)
    EXTI9_5_IRQHandler                       0x0800015f   Thumb Code     0  startup_stm32f10x_hd.o(.text)
    FLASH_IRQHandler                         0x0800015f   Thumb Code     0  startup_stm32f10x_hd.o(.text)
    FSMC_IRQHandler                          0x0800015f   Thumb Code     0  startup_stm32f10x_hd.o(.text)
    I2C1_ER_IRQHandler                       0x0800015f   Thumb Code     0  startup_stm32f10x_hd.o(.text)
    I2C1_EV_IRQHandler                       0x0800015f   Thumb Code     0  startup_stm32f10x_hd.o(.text)
    I2C2_ER_IRQHandler                       0x0800015f   Thumb Code     0  startup_stm32f10x_hd.o(.text)
    I2C2_EV_IRQHandler                       0x0800015f   Thumb Code     0  startup_stm32f10x_hd.o(.text)
    PVD_IRQHandler                           0x0800015f   Thumb Code     0  startup_stm32f10x_hd.o(.text)
    RCC_IRQHandler                           0x0800015f   Thumb Code     0  startup_stm32f10x_hd.o(.text)
    RTCAlarm_IRQHandler                      0x0800015f   Thumb Code     0  startup_stm32f10x_hd.o(.text)
    RTC_IRQHandler                           0x0800015f   Thumb Code     0  startup_stm32f10x_hd.o(.text)
    SDIO_IRQHandler                          0x0800015f   Thumb Code     0  startup_stm32f10x_hd.o(.text)
    SPI1_IRQHandler                          0x0800015f   Thumb Code     0  startup_stm32f10x_hd.o(.text)
    SPI2_IRQHandler                          0x0800015f   Thumb Code     0  startup_stm32f10x_hd.o(.text)
    SPI3_IRQHandler                          0x0800015f   Thumb Code     0  startup_stm32f10x_hd.o(.text)
    TAMPER_IRQHandler                        0x0800015f   Thumb Code     0  startup_stm32f10x_hd.o(.text)
    TIM1_BRK_IRQHandler                      0x0800015f   Thumb Code     0  startup_stm32f10x_hd.o(.text)
    TIM1_CC_IRQHandler                       0x0800015f   Thumb Code     0  startup_stm32f10x_hd.o(.text)
    TIM1_TRG_COM_IRQHandler                  0x0800015f   Thumb Code     0  startup_stm32f10x_hd.o(.text)
    TIM1_UP_IRQHandler                       0x0800015f   Thumb Code     0  startup_stm32f10x_hd.o(.text)
    TIM3_IRQHandler                          0x0800015f   Thumb Code     0  startup_stm32f10x_hd.o(.text)
    TIM4_IRQHandler                          0x0800015f   Thumb Code     0  startup_stm32f10x_hd.o(.text)
    TIM5_IRQHandler                          0x0800015f   Thumb Code     0  startup_stm32f10x_hd.o(.text)
    TIM6_IRQHandler                          0x0800015f   Thumb Code     0  startup_stm32f10x_hd.o(.text)
    TIM7_IRQHandler                          0x0800015f   Thumb Code     0  startup_stm32f10x_hd.o(.text)
    TIM8_BRK_IRQHandler                      0x0800015f   Thumb Code     0  startup_stm32f10x_hd.o(.text)
    TIM8_CC_IRQHandler                       0x0800015f   Thumb Code     0  startup_stm32f10x_hd.o(.text)
    TIM8_TRG_COM_IRQHandler                  0x0800015f   Thumb Code     0  startup_stm32f10x_hd.o(.text)
    TIM8_UP_IRQHandler                       0x0800015f   Thumb Code     0  startup_stm32f10x_hd.o(.text)
    UART4_IRQHandler                         0x0800015f   Thumb Code     0  startup_stm32f10x_hd.o(.text)
    UART5_IRQHandler                         0x0800015f   Thumb Code     0  startup_stm32f10x_hd.o(.text)
    USBWakeUp_IRQHandler                     0x0800015f   Thumb Code     0  startup_stm32f10x_hd.o(.text)
    USB_HP_CAN1_TX_IRQHandler                0x0800015f   Thumb Code     0  startup_stm32f10x_hd.o(.text)
    USB_LP_CAN1_RX0_IRQHandler               0x0800015f   Thumb Code     0  startup_stm32f10x_hd.o(.text)
    WWDG_IRQHandler                          0x0800015f   Thumb Code     0  startup_stm32f10x_hd.o(.text)
    GetSTM32ID                               0x08000205   Thumb Code    40  main.o(.text)
    main                                     0x0800022d   Thumb Code  1468  main.o(.text)
    _sys_exit                                0x080007e9   Thumb Code     6  main.o(.text)
    fputc                                    0x080007ef   Thumb Code    24  main.o(.text)
    NMI_Handler                              0x0800084d   Thumb Code     2  stm32f10x_it.o(.text)
    HardFault_Handler                        0x0800084f   Thumb Code     4  stm32f10x_it.o(.text)
    MemManage_Handler                        0x08000853   Thumb Code     4  stm32f10x_it.o(.text)
    BusFault_Handler                         0x08000857   Thumb Code     4  stm32f10x_it.o(.text)
    UsageFault_Handler                       0x0800085b   Thumb Code     4  stm32f10x_it.o(.text)
    SVC_Handler                              0x0800085f   Thumb Code     2  stm32f10x_it.o(.text)
    DebugMon_Handler                         0x08000861   Thumb Code     2  stm32f10x_it.o(.text)
    PendSV_Handler                           0x08000863   Thumb Code     2  stm32f10x_it.o(.text)
    SysTick_Handler                          0x08000865   Thumb Code    12  stm32f10x_it.o(.text)
    BspGetSysTicks                           0x08000871   Thumb Code     6  stm32f10x_it.o(.text)
    BspGetDlyTicks                           0x08000877   Thumb Code    42  stm32f10x_it.o(.text)
    bsp_led_config                           0x080008a5   Thumb Code    46  bsp_led.o(.text)
    bsp_serial_dma                           0x080008d9   Thumb Code   102  bsp_serial.o(.text)
    bsp_serial_config                        0x0800093f   Thumb Code   200  bsp_serial.o(.text)
    USART1_IRQHandler                        0x08000a07   Thumb Code   150  bsp_serial.o(.text)
    UART_Send_Byte                           0x08000a9d   Thumb Code    32  bsp_serial.o(.text)
    u8tostr                                  0x08000abd   Thumb Code   320  bsp_serial.o(.text)
    UART_Send_Str                            0x08000bfd   Thumb Code    72  bsp_serial.o(.text)
    UART_Send_Enter                          0x08000c45   Thumb Code    56  bsp_serial.o(.text)
    UART_Put_Num                             0x08000c7d   Thumb Code    56  bsp_serial.o(.text)
    UART_Send_Data                           0x08000cb5   Thumb Code    72  bsp_serial.o(.text)
    SendUartStatus                           0x08000cfd   Thumb Code    64  bsp_serial.o(.text)
    ProcessBspSer                            0x08000d3d   Thumb Code     2  bsp_serial.o(.text)
    msg_pack                                 0x08000d49   Thumb Code   216  msg_process.o(.text)
    MsgHeaderCheck                           0x08000e21   Thumb Code    42  msg_process.o(.text)
    MsgPackageCrcCheck                       0x08000e4b   Thumb Code    74  msg_process.o(.text)
    DealMsg                                  0x08000e95   Thumb Code   148  msg_process.o(.text)
    RCC_DeInit                               0x08000f45   Thumb Code    64  stm32f10x_rcc.o(.text)
    RCC_HSEConfig                            0x08000f85   Thumb Code    70  stm32f10x_rcc.o(.text)
    RCC_GetFlagStatus                        0x08000fcb   Thumb Code    56  stm32f10x_rcc.o(.text)
    RCC_WaitForHSEStartUp                    0x08001003   Thumb Code    56  stm32f10x_rcc.o(.text)
    RCC_AdjustHSICalibrationValue            0x0800103b   Thumb Code    20  stm32f10x_rcc.o(.text)
    RCC_HSICmd                               0x0800104f   Thumb Code     6  stm32f10x_rcc.o(.text)
    RCC_PLLConfig                            0x08001055   Thumb Code    24  stm32f10x_rcc.o(.text)
    RCC_PLLCmd                               0x0800106d   Thumb Code     6  stm32f10x_rcc.o(.text)
    RCC_SYSCLKConfig                         0x08001073   Thumb Code    18  stm32f10x_rcc.o(.text)
    RCC_GetSYSCLKSource                      0x08001085   Thumb Code    10  stm32f10x_rcc.o(.text)
    RCC_HCLKConfig                           0x0800108f   Thumb Code    18  stm32f10x_rcc.o(.text)
    RCC_PCLK1Config                          0x080010a1   Thumb Code    18  stm32f10x_rcc.o(.text)
    RCC_PCLK2Config                          0x080010b3   Thumb Code    20  stm32f10x_rcc.o(.text)
    RCC_ITConfig                             0x080010c7   Thumb Code    26  stm32f10x_rcc.o(.text)
    RCC_USBCLKConfig                         0x080010e1   Thumb Code     8  stm32f10x_rcc.o(.text)
    RCC_ADCCLKConfig                         0x080010e9   Thumb Code    18  stm32f10x_rcc.o(.text)
    RCC_LSEConfig                            0x080010fb   Thumb Code    50  stm32f10x_rcc.o(.text)
    RCC_LSICmd                               0x0800112d   Thumb Code     6  stm32f10x_rcc.o(.text)
    RCC_RTCCLKConfig                         0x08001133   Thumb Code    12  stm32f10x_rcc.o(.text)
    RCC_RTCCLKCmd                            0x0800113f   Thumb Code     8  stm32f10x_rcc.o(.text)
    RCC_GetClocksFreq                        0x08001147   Thumb Code   192  stm32f10x_rcc.o(.text)
    RCC_AHBPeriphClockCmd                    0x08001207   Thumb Code    26  stm32f10x_rcc.o(.text)
    RCC_APB2PeriphClockCmd                   0x08001221   Thumb Code    26  stm32f10x_rcc.o(.text)
    RCC_APB1PeriphClockCmd                   0x0800123b   Thumb Code    26  stm32f10x_rcc.o(.text)
    RCC_APB2PeriphResetCmd                   0x08001255   Thumb Code    26  stm32f10x_rcc.o(.text)
    RCC_APB1PeriphResetCmd                   0x0800126f   Thumb Code    26  stm32f10x_rcc.o(.text)
    RCC_BackupResetCmd                       0x08001289   Thumb Code     8  stm32f10x_rcc.o(.text)
    RCC_ClockSecuritySystemCmd               0x08001291   Thumb Code     6  stm32f10x_rcc.o(.text)
    RCC_MCOConfig                            0x08001297   Thumb Code     6  stm32f10x_rcc.o(.text)
    RCC_ClearFlag                            0x0800129d   Thumb Code    14  stm32f10x_rcc.o(.text)
    RCC_GetITStatus                          0x080012ab   Thumb Code    20  stm32f10x_rcc.o(.text)
    RCC_ClearITPendingBit                    0x080012bf   Thumb Code     6  stm32f10x_rcc.o(.text)
    GPIO_DeInit                              0x080012e9   Thumb Code   172  stm32f10x_gpio.o(.text)
    GPIO_AFIODeInit                          0x08001395   Thumb Code    20  stm32f10x_gpio.o(.text)
    GPIO_Init                                0x080013a9   Thumb Code   278  stm32f10x_gpio.o(.text)
    GPIO_StructInit                          0x080014bf   Thumb Code    16  stm32f10x_gpio.o(.text)
    GPIO_ReadInputDataBit                    0x080014cf   Thumb Code    18  stm32f10x_gpio.o(.text)
    GPIO_ReadInputData                       0x080014e1   Thumb Code     8  stm32f10x_gpio.o(.text)
    GPIO_ReadOutputDataBit                   0x080014e9   Thumb Code    18  stm32f10x_gpio.o(.text)
    GPIO_ReadOutputData                      0x080014fb   Thumb Code     8  stm32f10x_gpio.o(.text)
    GPIO_SetBits                             0x08001503   Thumb Code     4  stm32f10x_gpio.o(.text)
    GPIO_ResetBits                           0x08001507   Thumb Code     4  stm32f10x_gpio.o(.text)
    GPIO_WriteBit                            0x0800150b   Thumb Code    10  stm32f10x_gpio.o(.text)
    GPIO_Write                               0x08001515   Thumb Code     4  stm32f10x_gpio.o(.text)
    GPIO_PinLockConfig                       0x08001519   Thumb Code    18  stm32f10x_gpio.o(.text)
    GPIO_EventOutputConfig                   0x0800152b   Thumb Code    26  stm32f10x_gpio.o(.text)
    GPIO_EventOutputCmd                      0x08001545   Thumb Code     6  stm32f10x_gpio.o(.text)
    GPIO_PinRemapConfig                      0x0800154b   Thumb Code   138  stm32f10x_gpio.o(.text)
    GPIO_EXTILineConfig                      0x080015d5   Thumb Code    66  stm32f10x_gpio.o(.text)
    GPIO_ETH_MediaInterfaceConfig            0x08001617   Thumb Code     8  stm32f10x_gpio.o(.text)
    USART_DeInit                             0x08001645   Thumb Code   134  stm32f10x_usart.o(.text)
    USART_Init                               0x080016cb   Thumb Code   210  stm32f10x_usart.o(.text)
    USART_StructInit                         0x0800179d   Thumb Code    24  stm32f10x_usart.o(.text)
    USART_ClockInit                          0x080017b5   Thumb Code    34  stm32f10x_usart.o(.text)
    USART_ClockStructInit                    0x080017d7   Thumb Code    12  stm32f10x_usart.o(.text)
    USART_Cmd                                0x080017e3   Thumb Code    24  stm32f10x_usart.o(.text)
    USART_ITConfig                           0x080017fb   Thumb Code    74  stm32f10x_usart.o(.text)
    USART_DMACmd                             0x08001845   Thumb Code    18  stm32f10x_usart.o(.text)
    USART_SetAddress                         0x08001857   Thumb Code    18  stm32f10x_usart.o(.text)
    USART_WakeUpConfig                       0x08001869   Thumb Code    18  stm32f10x_usart.o(.text)
    USART_ReceiverWakeUpCmd                  0x0800187b   Thumb Code    24  stm32f10x_usart.o(.text)
    USART_LINBreakDetectLengthConfig         0x08001893   Thumb Code    18  stm32f10x_usart.o(.text)
    USART_LINCmd                             0x080018a5   Thumb Code    24  stm32f10x_usart.o(.text)
    USART_SendData                           0x080018bd   Thumb Code     8  stm32f10x_usart.o(.text)
    USART_ReceiveData                        0x080018c5   Thumb Code    10  stm32f10x_usart.o(.text)
    USART_SendBreak                          0x080018cf   Thumb Code    10  stm32f10x_usart.o(.text)
    USART_SetGuardTime                       0x080018d9   Thumb Code    16  stm32f10x_usart.o(.text)
    USART_SetPrescaler                       0x080018e9   Thumb Code    16  stm32f10x_usart.o(.text)
    USART_SmartCardCmd                       0x080018f9   Thumb Code    24  stm32f10x_usart.o(.text)
    USART_SmartCardNACKCmd                   0x08001911   Thumb Code    24  stm32f10x_usart.o(.text)
    USART_HalfDuplexCmd                      0x08001929   Thumb Code    24  stm32f10x_usart.o(.text)
    USART_OverSampling8Cmd                   0x08001941   Thumb Code    22  stm32f10x_usart.o(.text)
    USART_OneBitMethodCmd                    0x08001957   Thumb Code    24  stm32f10x_usart.o(.text)
    USART_IrDAConfig                         0x0800196f   Thumb Code    18  stm32f10x_usart.o(.text)
    USART_IrDACmd                            0x08001981   Thumb Code    24  stm32f10x_usart.o(.text)
    USART_GetFlagStatus                      0x08001999   Thumb Code    26  stm32f10x_usart.o(.text)
    USART_ClearFlag                          0x080019b3   Thumb Code    18  stm32f10x_usart.o(.text)
    USART_GetITStatus                        0x080019c5   Thumb Code    84  stm32f10x_usart.o(.text)
    USART_ClearITPendingBit                  0x08001a19   Thumb Code    52  stm32f10x_usart.o(.text)
    NVIC_PriorityGroupConfig                 0x08001a4d   Thumb Code    10  misc.o(.text)
    NVIC_Init                                0x08001a57   Thumb Code   100  misc.o(.text)
    NVIC_SetVectorTable                      0x08001abb   Thumb Code    14  misc.o(.text)
    NVIC_SystemLPConfig                      0x08001ac9   Thumb Code    34  misc.o(.text)
    SysTick_CLKSourceConfig                  0x08001aeb   Thumb Code    40  misc.o(.text)
    TIM_DeInit                               0x08001b29   Thumb Code   424  stm32f10x_tim.o(.text)
    TIM_TimeBaseInit                         0x08001cd1   Thumb Code   122  stm32f10x_tim.o(.text)
    TIM_OC1Init                              0x08001d4b   Thumb Code   132  stm32f10x_tim.o(.text)
    TIM_OC2Init                              0x08001dcf   Thumb Code   154  stm32f10x_tim.o(.text)
    TIM_OC3Init                              0x08001e69   Thumb Code   150  stm32f10x_tim.o(.text)
    TIM_OC4Init                              0x08001eff   Thumb Code   182  stm32f10x_tim.o(.text)
    TIM_SetIC4Prescaler                      0x08001fb5   Thumb Code    26  stm32f10x_tim.o(.text)
    TIM_SetIC3Prescaler                      0x08002051   Thumb Code    18  stm32f10x_tim.o(.text)
    TIM_SetIC2Prescaler                      0x080020dd   Thumb Code    26  stm32f10x_tim.o(.text)
    TIM_SetIC1Prescaler                      0x08002179   Thumb Code    18  stm32f10x_tim.o(.text)
    TIM_ICInit                               0x080021f7   Thumb Code   150  stm32f10x_tim.o(.text)
    TIM_PWMIConfig                           0x0800228d   Thumb Code   124  stm32f10x_tim.o(.text)
    TIM_BDTRConfig                           0x08002309   Thumb Code    32  stm32f10x_tim.o(.text)
    TIM_TimeBaseStructInit                   0x08002329   Thumb Code    18  stm32f10x_tim.o(.text)
    TIM_OCStructInit                         0x0800233b   Thumb Code    20  stm32f10x_tim.o(.text)
    TIM_ICStructInit                         0x0800234f   Thumb Code    18  stm32f10x_tim.o(.text)
    TIM_BDTRStructInit                       0x08002361   Thumb Code    40  stm32f10x_tim.o(.text)
    TIM_Cmd                                  0x08002389   Thumb Code    24  stm32f10x_tim.o(.text)
    TIM_CtrlPWMOutputs                       0x080023a1   Thumb Code    30  stm32f10x_tim.o(.text)
    TIM_ITConfig                             0x080023bf   Thumb Code    18  stm32f10x_tim.o(.text)
    TIM_GenerateEvent                        0x080023d1   Thumb Code     4  stm32f10x_tim.o(.text)
    TIM_DMAConfig                            0x080023d5   Thumb Code    10  stm32f10x_tim.o(.text)
    TIM_DMACmd                               0x080023df   Thumb Code    18  stm32f10x_tim.o(.text)
    TIM_InternalClockConfig                  0x080023f1   Thumb Code    12  stm32f10x_tim.o(.text)
    TIM_SelectInputTrigger                   0x080023fd   Thumb Code    18  stm32f10x_tim.o(.text)
    TIM_ITRxExternalClockConfig              0x0800240f   Thumb Code    24  stm32f10x_tim.o(.text)
    TIM_TIxExternalClockConfig               0x08002427   Thumb Code    62  stm32f10x_tim.o(.text)
    TIM_ETRConfig                            0x08002465   Thumb Code    28  stm32f10x_tim.o(.text)
    TIM_ETRClockMode1Config                  0x08002481   Thumb Code    54  stm32f10x_tim.o(.text)
    TIM_ETRClockMode2Config                  0x080024b7   Thumb Code    32  stm32f10x_tim.o(.text)
    TIM_PrescalerConfig                      0x080024d7   Thumb Code     6  stm32f10x_tim.o(.text)
    TIM_CounterModeConfig                    0x080024dd   Thumb Code    18  stm32f10x_tim.o(.text)
    TIM_EncoderInterfaceConfig               0x080024ef   Thumb Code    66  stm32f10x_tim.o(.text)
    TIM_ForcedOC1Config                      0x08002531   Thumb Code    18  stm32f10x_tim.o(.text)
    TIM_ForcedOC2Config                      0x08002543   Thumb Code    26  stm32f10x_tim.o(.text)
    TIM_ForcedOC3Config                      0x0800255d   Thumb Code    18  stm32f10x_tim.o(.text)
    TIM_ForcedOC4Config                      0x0800256f   Thumb Code    26  stm32f10x_tim.o(.text)
    TIM_ARRPreloadConfig                     0x08002589   Thumb Code    24  stm32f10x_tim.o(.text)
    TIM_SelectCOM                            0x080025a1   Thumb Code    24  stm32f10x_tim.o(.text)
    TIM_SelectCCDMA                          0x080025b9   Thumb Code    24  stm32f10x_tim.o(.text)
    TIM_CCPreloadControl                     0x080025d1   Thumb Code    24  stm32f10x_tim.o(.text)
    TIM_OC1PreloadConfig                     0x080025e9   Thumb Code    18  stm32f10x_tim.o(.text)
    TIM_OC2PreloadConfig                     0x080025fb   Thumb Code    26  stm32f10x_tim.o(.text)
    TIM_OC3PreloadConfig                     0x08002615   Thumb Code    18  stm32f10x_tim.o(.text)
    TIM_OC4PreloadConfig                     0x08002627   Thumb Code    26  stm32f10x_tim.o(.text)
    TIM_OC1FastConfig                        0x08002641   Thumb Code    18  stm32f10x_tim.o(.text)
    TIM_OC2FastConfig                        0x08002653   Thumb Code    26  stm32f10x_tim.o(.text)
    TIM_OC3FastConfig                        0x0800266d   Thumb Code    18  stm32f10x_tim.o(.text)
    TIM_OC4FastConfig                        0x0800267f   Thumb Code    26  stm32f10x_tim.o(.text)
    TIM_ClearOC1Ref                          0x08002699   Thumb Code    18  stm32f10x_tim.o(.text)
    TIM_ClearOC2Ref                          0x080026ab   Thumb Code    24  stm32f10x_tim.o(.text)
    TIM_ClearOC3Ref                          0x080026c3   Thumb Code    18  stm32f10x_tim.o(.text)
    TIM_ClearOC4Ref                          0x080026d5   Thumb Code    24  stm32f10x_tim.o(.text)
    TIM_OC1PolarityConfig                    0x080026ed   Thumb Code    18  stm32f10x_tim.o(.text)
    TIM_OC1NPolarityConfig                   0x080026ff   Thumb Code    18  stm32f10x_tim.o(.text)
    TIM_OC2PolarityConfig                    0x08002711   Thumb Code    26  stm32f10x_tim.o(.text)
    TIM_OC2NPolarityConfig                   0x0800272b   Thumb Code    26  stm32f10x_tim.o(.text)
    TIM_OC3PolarityConfig                    0x08002745   Thumb Code    26  stm32f10x_tim.o(.text)
    TIM_OC3NPolarityConfig                   0x0800275f   Thumb Code    26  stm32f10x_tim.o(.text)
    TIM_OC4PolarityConfig                    0x08002779   Thumb Code    26  stm32f10x_tim.o(.text)
    TIM_CCxCmd                               0x08002793   Thumb Code    30  stm32f10x_tim.o(.text)
    TIM_CCxNCmd                              0x080027b1   Thumb Code    30  stm32f10x_tim.o(.text)
    TIM_SelectOCxM                           0x080027cf   Thumb Code    82  stm32f10x_tim.o(.text)
    TIM_UpdateDisableConfig                  0x08002821   Thumb Code    24  stm32f10x_tim.o(.text)
    TIM_UpdateRequestConfig                  0x08002839   Thumb Code    24  stm32f10x_tim.o(.text)
    TIM_SelectHallSensor                     0x08002851   Thumb Code    24  stm32f10x_tim.o(.text)
    TIM_SelectOnePulseMode                   0x08002869   Thumb Code    18  stm32f10x_tim.o(.text)
    TIM_SelectOutputTrigger                  0x0800287b   Thumb Code    18  stm32f10x_tim.o(.text)
    TIM_SelectSlaveMode                      0x0800288d   Thumb Code    18  stm32f10x_tim.o(.text)
    TIM_SelectMasterSlaveMode                0x0800289f   Thumb Code    18  stm32f10x_tim.o(.text)
    TIM_SetCounter                           0x080028b1   Thumb Code     4  stm32f10x_tim.o(.text)
    TIM_SetAutoreload                        0x080028b5   Thumb Code     4  stm32f10x_tim.o(.text)
    TIM_SetCompare1                          0x080028b9   Thumb Code     4  stm32f10x_tim.o(.text)
    TIM_SetCompare2                          0x080028bd   Thumb Code     4  stm32f10x_tim.o(.text)
    TIM_SetCompare3                          0x080028c1   Thumb Code     4  stm32f10x_tim.o(.text)
    TIM_SetCompare4                          0x080028c5   Thumb Code     6  stm32f10x_tim.o(.text)
    TIM_SetClockDivision                     0x080028cb   Thumb Code    18  stm32f10x_tim.o(.text)
    TIM_GetCapture1                          0x080028dd   Thumb Code     6  stm32f10x_tim.o(.text)
    TIM_GetCapture2                          0x080028e3   Thumb Code     6  stm32f10x_tim.o(.text)
    TIM_GetCapture3                          0x080028e9   Thumb Code     6  stm32f10x_tim.o(.text)
    TIM_GetCapture4                          0x080028ef   Thumb Code     8  stm32f10x_tim.o(.text)
    TIM_GetCounter                           0x080028f7   Thumb Code     6  stm32f10x_tim.o(.text)
    TIM_GetPrescaler                         0x080028fd   Thumb Code     6  stm32f10x_tim.o(.text)
    TIM_GetFlagStatus                        0x08002903   Thumb Code    18  stm32f10x_tim.o(.text)
    TIM_ClearFlag                            0x08002915   Thumb Code     6  stm32f10x_tim.o(.text)
    TIM_GetITStatus                          0x0800291b   Thumb Code    34  stm32f10x_tim.o(.text)
    TIM_ClearITPendingBit                    0x0800293d   Thumb Code     6  stm32f10x_tim.o(.text)
    DMA_DeInit                               0x08002945   Thumb Code   324  stm32f10x_dma.o(.text)
    DMA_Init                                 0x08002a89   Thumb Code    60  stm32f10x_dma.o(.text)
    DMA_StructInit                           0x08002ac5   Thumb Code    26  stm32f10x_dma.o(.text)
    DMA_Cmd                                  0x08002adf   Thumb Code    24  stm32f10x_dma.o(.text)
    DMA_ITConfig                             0x08002af7   Thumb Code    18  stm32f10x_dma.o(.text)
    DMA_SetCurrDataCounter                   0x08002b09   Thumb Code     4  stm32f10x_dma.o(.text)
    DMA_GetCurrDataCounter                   0x08002b0d   Thumb Code     8  stm32f10x_dma.o(.text)
    DMA_GetFlagStatus                        0x08002b15   Thumb Code    40  stm32f10x_dma.o(.text)
    DMA_ClearFlag                            0x08002b3d   Thumb Code    22  stm32f10x_dma.o(.text)
    DMA_GetITStatus                          0x08002b53   Thumb Code    40  stm32f10x_dma.o(.text)
    DMA_ClearITPendingBit                    0x08002b7b   Thumb Code    22  stm32f10x_dma.o(.text)
    SystemInit                               0x08002c77   Thumb Code    78  system_stm32f10x.o(.text)
    SystemCoreClockUpdate                    0x08002cc5   Thumb Code   142  system_stm32f10x.o(.text)
    USART2_NVIC_Configuration                0x08002d79   Thumb Code    42  pn532_dev.o(.text)
    PN532_USART_Config                       0x08002da3   Thumb Code   132  pn532_dev.o(.text)
    TIM2_NVIC_Configuration                  0x08002e27   Thumb Code    42  pn532_dev.o(.text)
    TIM2_Configuration                       0x08002e51   Thumb Code    78  pn532_dev.o(.text)
    PN532_DevConfig                          0x08002e9f   Thumb Code    12  pn532_dev.o(.text)
    TIM2_IRQHandler                          0x08002eab   Thumb Code    42  pn532_dev.o(.text)
    USART2_IRQHandler                        0x08002ed5   Thumb Code   114  pn532_dev.o(.text)
    delay_10ms                               0x08002f61   Thumb Code    26  nfc.o(.text)
    PN532_SendData                           0x08002f7b   Thumb Code    42  nfc.o(.text)
    CleanBuffer                              0x08002fa5   Thumb Code    30  nfc.o(.text)
    PN532_SAMConfiguration                   0x08002fc3   Thumb Code   272  nfc.o(.text)
    nfc_InListPassiveTarget                  0x080030d3   Thumb Code   278  nfc.o(.text)
    nfc_InSelect                             0x080031e9   Thumb Code   232  nfc.o(.text)
    PN532_ReadCardID                         0x080032d1   Thumb Code   238  nfc.o(.text)
    nfc_PsdVerify                            0x080033bf   Thumb Code   214  nfc.o(.text)
    nfc_read                                 0x08003495   Thumb Code   206  nfc.o(.text)
    nfc_write                                0x08003563   Thumb Code   204  nfc.o(.text)
    pn53x_build_frame                        0x0800362f   Thumb Code   188  nfc.o(.text)
    pn53x_transceive                         0x080036eb   Thumb Code   214  nfc.o(.text)
    pn53x_initiator_transceive_bytes         0x080037c1   Thumb Code   122  nfc.o(.text)
    CardTransmit                             0x0800383b   Thumb Code    64  nfc.o(.text)
    pn53x_pcd_transceive_bytes               0x0800387b   Thumb Code   116  nfc.o(.text)
    PCDTransmit                              0x080038ef   Thumb Code    66  nfc.o(.text)
    pro_reset                                0x08003949   Thumb Code    46  fm1208-z.o(.text)
    FM1208_SelectFile                        0x08003977   Thumb Code   150  fm1208-z.o(.text)
    WTX_Cmd                                  0x08003a0d   Thumb Code    64  fm1208-z.o(.text)
    FM1208_GetChallenge                      0x08003a4d   Thumb Code   128  fm1208-z.o(.text)
    FM1208_CreateFile                        0x08003acd   Thumb Code   132  fm1208-z.o(.text)
    FM1208_Load_Key                          0x08003b51   Thumb Code   130  fm1208-z.o(.text)
    AppendRecord                             0x08003bd3   Thumb Code   130  fm1208-z.o(.text)
    FM1208_Update_Binary                     0x08003c55   Thumb Code   134  fm1208-z.o(.text)
    MAC1                                     0x08003cdb   Thumb Code   144  fm1208-z.o(.text)
    FM1208_External_Authenticate             0x08003d6b   Thumb Code   150  fm1208-z.o(.text)
    FM1208_Format                            0x08003e01   Thumb Code   116  fm1208-z.o(.text)
    FM1208_ReadNomey                         0x08003e75   Thumb Code   138  fm1208-z.o(.text)
    FM1208_Inital_Authenticate               0x08003eff   Thumb Code   154  fm1208-z.o(.text)
    FM1208_Verify_Pin                        0x08003f99   Thumb Code   136  fm1208-z.o(.text)
    FM1208_Read_Binary                       0x08004021   Thumb Code   138  fm1208-z.o(.text)
    FM1208_InitalizeForLoad                  0x080040ab   Thumb Code   146  fm1208-z.o(.text)
    FM1208_CreditForLoad                     0x0800413d   Thumb Code   156  fm1208-z.o(.text)
    FM1208_Debit_For_Capp_Purchase           0x080041d9   Thumb Code   154  fm1208-z.o(.text)
    FM1208_Initalize_For_Purchase            0x08004273   Thumb Code   154  fm1208-z.o(.text)
    USART3_IRQHandler                        0x08004333   Thumb Code   110  t8029.o(.text)
    USART3_RX_DMAConfig                      0x080043a1   Thumb Code   102  t8029.o(.text)
    TDA1_Usart3_Config                       0x08004407   Thumb Code   196  t8029.o(.text)
    TDA8029_IO_Config                        0x080044e7   Thumb Code    72  t8029.o(.text)
    SerialComm_Read                          0x0800452f   Thumb Code    82  t8029.o(.text)
    usart3_send                              0x08004581   Thumb Code    58  t8029.o(.text)
    SerialComm_Write                         0x080045bb   Thumb Code    46  t8029.o(.text)
    TDA8029_Wakeup                           0x080045e9   Thumb Code    66  t8029.o(.text)
    EmptyHSUrxFIFO                           0x0800462b   Thumb Code    28  t8029.o(.text)
    ReceiveALPARFrame                        0x08004647   Thumb Code    58  t8029.o(.text)
    TDA8029_BuildAlparFrame                  0x08004681   Thumb Code    92  t8029.o(.text)
    TDA8029_ComputeALPARcrc                  0x080046dd   Thumb Code    26  t8029.o(.text)
    TDA8029_ALPAR_SendAndReceive             0x080046f7   Thumb Code   332  t8029.o(.text)
    TDA8029_CheckPluggedDevice               0x08004843   Thumb Code    70  t8029.o(.text)
    TDA8029_CheckCardIn                      0x08004889   Thumb Code    62  t8029.o(.text)
    TDA8029_CardPowerOn                      0x080048c7   Thumb Code    44  t8029.o(.text)
    ATR_Decode                               0x080049a1   Thumb Code   528  atr.o(.text)
    ATR_GetParameter                         0x08004bb1   Thumb Code   214  atr.o(.text)
    ATR_GetDefaultProtocol                   0x08004c87   Thumb Code    76  atr.o(.text)
    PSAM_Config                              0x08004d07   Thumb Code    62  psam1.o(.text)
    PSAMInit                                 0x08004d45   Thumb Code   100  psam1.o(.text)
    Sam_Get_Response                         0x08004da9   Thumb Code    84  psam1.o(.text)
    PSAM_Select_File                         0x08004dfd   Thumb Code   162  psam1.o(.text)
    Init_SAM_For_Purchase                    0x08004e9f   Thumb Code   172  psam1.o(.text)
    Credit_SAM_For_Purchase                  0x08004f4b   Thumb Code   140  psam1.o(.text)
    Init_for_descrypt                        0x08004fd7   Thumb Code   156  psam1.o(.text)
    PSAM_Descrypt                            0x08005073   Thumb Code   242  psam1.o(.text)
    PSAM_ReadBinary                          0x08005165   Thumb Code   136  psam1.o(.text)
    PSAM_Get_challenge                       0x080051ed   Thumb Code   128  psam1.o(.text)
    PSAM_CreateFile                          0x0800526d   Thumb Code   156  psam1.o(.text)
    PSAMSetKey                               0x08005309   Thumb Code   156  psam1.o(.text)
    PSAM_UpdataBinary                        0x080053a5   Thumb Code   158  psam1.o(.text)
    PSAM_WTX_Cmd                             0x08005443   Thumb Code   112  psam1.o(.text)
    PSAM_External_Authenticate               0x080054b3   Thumb Code   170  psam1.o(.text)
    PSAM_Format_1                            0x0800555d   Thumb Code   130  psam1.o(.text)
    PSAM_Format_2                            0x080055df   Thumb Code   138  psam1.o(.text)
    PSAM_Verify_Pin                          0x08005669   Thumb Code   142  psam1.o(.text)
    PSAM_MAC1                                0x080056f7   Thumb Code   128  psam1.o(.text)
    PSAM_Format                              0x08005777   Thumb Code   116  psam1.o(.text)
    fifo_init                                0x080057eb   Thumb Code    28  fifo.o(.text)
    fifo_push                                0x08005807   Thumb Code    48  fifo.o(.text)
    fifo_push_multiple                       0x08005837   Thumb Code    68  fifo.o(.text)
    fifo_pop                                 0x0800587b   Thumb Code    48  fifo.o(.text)
    fifo_pop_multiple                        0x080058ab   Thumb Code    66  fifo.o(.text)
    fifo_is_empty                            0x080058ed   Thumb Code    20  fifo.o(.text)
    fifo_is_full                             0x08005901   Thumb Code    24  fifo.o(.text)
    fifo_find                                0x08005919   Thumb Code    58  fifo.o(.text)
    fifo_search                              0x08005953   Thumb Code   116  fifo.o(.text)
    SubKey_Generation                        0x080059c9   Thumb Code  2716  des.o(.text)
    IniPer                                   0x08006465   Thumb Code  1272  des.o(.text)
    desfun                                   0x0800695d   Thumb Code  1402  des.o(.text)
    FinalPer                                 0x08006ed7   Thumb Code  1126  des.o(.text)
    des_16                                   0x0800733d   Thumb Code   196  des.o(.text)
    Single_DES_Encrypt                       0x08007401   Thumb Code    26  des.o(.text)
    Single_DES_Decrypt                       0x0800741b   Thumb Code    26  des.o(.text)
    Single_3DES_Encrypt                      0x08007435   Thumb Code    42  des.o(.text)
    Single_3DES_Decrypt                      0x0800745f   Thumb Code    42  des.o(.text)
    HexXor                                   0x08007489   Thumb Code    26  des.o(.text)
    PBOC_MAC                                 0x080074a3   Thumb Code   316  des.o(.text)
    CRC16                                    0x080075e1   Thumb Code    62  encryption.o(.text)
    __aeabi_memcpy                           0x08007629   Thumb Code    36  memcpya.o(.text)
    __aeabi_memcpy4                          0x08007629   Thumb Code     0  memcpya.o(.text)
    __aeabi_memcpy8                          0x08007629   Thumb Code     0  memcpya.o(.text)
    __aeabi_memset                           0x0800764d   Thumb Code    14  memseta.o(.text)
    __aeabi_memset4                          0x0800764d   Thumb Code     0  memseta.o(.text)
    __aeabi_memset8                          0x0800764d   Thumb Code     0  memseta.o(.text)
    __aeabi_memclr                           0x0800765b   Thumb Code     4  memseta.o(.text)
    __aeabi_memclr4                          0x0800765b   Thumb Code     0  memseta.o(.text)
    __aeabi_memclr8                          0x0800765b   Thumb Code     0  memseta.o(.text)
    _memset$wrapper                          0x0800765f   Thumb Code    18  memseta.o(.text)
    strlen                                   0x08007671   Thumb Code    14  strlen.o(.text)
    memcmp                                   0x0800767f   Thumb Code    26  memcmp.o(.text)
    __aeabi_uldivmod                         0x08007699   Thumb Code    98  uldiv.o(.text)
    __scatterload                            0x080076fd   Thumb Code    28  init.o(.text)
    __scatterload_rt2                        0x080076fd   Thumb Code     0  init.o(.text)
    __aeabi_llsl                             0x08007721   Thumb Code    30  llshl.o(.text)
    _ll_shift_l                              0x08007721   Thumb Code     0  llshl.o(.text)
    __aeabi_llsr                             0x0800773f   Thumb Code    32  llushr.o(.text)
    _ll_ushift_r                             0x0800773f   Thumb Code     0  llushr.o(.text)
    __0printf$8                              0x08007761   Thumb Code    22  printf8.o(i.__0printf$8)
    __1printf$8                              0x08007761   Thumb Code     0  printf8.o(i.__0printf$8)
    __2printf                                0x08007761   Thumb Code     0  printf8.o(i.__0printf$8)
    __scatterload_copy                       0x08007781   Thumb Code    14  handlers.o(i.__scatterload_copy)
    __scatterload_null                       0x0800778f   Thumb Code     2  handlers.o(i.__scatterload_null)
    __scatterload_zeroinit                   0x08007791   Thumb Code    14  handlers.o(i.__scatterload_zeroinit)
    atr_f_table                              0x08007d38   Data          32  atr.o(.constdata)
    atr_d_table                              0x08007d58   Data          32  atr.o(.constdata)
    S_BOX1                                   0x08007d80   Data          64  des.o(.constdata)
    S_BOX2                                   0x08007dc0   Data          64  des.o(.constdata)
    S_BOX3                                   0x08007e00   Data          64  des.o(.constdata)
    S_BOX4                                   0x08007e40   Data          64  des.o(.constdata)
    S_BOX5                                   0x08007e80   Data          64  des.o(.constdata)
    S_BOX6                                   0x08007ec0   Data          64  des.o(.constdata)
    S_BOX7                                   0x08007f00   Data          64  des.o(.constdata)
    S_BOX8                                   0x08007f40   Data          64  des.o(.constdata)
    auchCRCHigh                              0x08007f80   Data         256  encryption.o(.constdata)
    auchCRCLow                               0x08008080   Data         256  encryption.o(.constdata)
    Region$$Table$$Base                      0x08008180   Number         0  anon$$obj.o(Region$$Table)
    Region$$Table$$Limit                     0x080081a0   Number         0  anon$$obj.o(Region$$Table)
    gRepLen                                  0x20000000   Data           4  main.o(.data)
    CardNum                                  0x20000004   Data           8  main.o(.data)
    gRecDateTime                             0x2000002b   Data           7  main.o(.data)
    Temporary_Key                            0x20000032   Data           8  main.o(.data)
    Old_Pay                                  0x2000003a   Data           4  main.o(.data)
    Challenge_Num                            0x2000003e   Data           8  main.o(.data)
    Serial_Num                               0x20000046   Data           2  main.o(.data)
    MAC1_Num                                 0x20000048   Data           4  main.o(.data)
    NameLen                                  0x2000004c   Data           1  main.o(.data)
    gPurchase_Pay                            0x2000004d   Data           4  main.o(.data)
    gPurchaseNum                             0x20000054   Data           4  main.o(.data)
    gPurchaseFlag                            0x20000058   Data           1  main.o(.data)
    PAY                                      0x2000005c   Data           4  main.o(.data)
    POSNum                                   0x20000060   Data           6  main.o(.data)
    gMainTicks                               0x20000068   Data           4  main.o(.data)
    gBsp_uart_ticks                          0x2000006c   Data           4  main.o(.data)
    gAPDU_rxLen                              0x20000070   Data           2  main.o(.data)
    File_3F00                                0x20000072   Data           2  main.o(.data)
    File_3F01                                0x20000074   Data           2  main.o(.data)
    File_0015                                0x20000076   Data           2  main.o(.data)
    File_0016                                0x20000078   Data           2  main.o(.data)
    File_0017                                0x2000007a   Data           2  main.o(.data)
    File_0018                                0x2000007c   Data           2  main.o(.data)
    cpu_ex_key                               0x2000007e   Data          16  main.o(.data)
    last_UID                                 0x2000008e   Data           4  main.o(.data)
    gDeviceID                                0x20000092   Data           2  main.o(.data)
    __stdout                                 0x20000094   Data           4  main.o(.data)
    gSysTicks                                0x2000009c   Data           4  stm32f10x_it.o(.data)
    SystemCoreClock                          0x200000b8   Data           4  system_stm32f10x.o(.data)
    AHBPrescTable                            0x200000bc   Data          16  system_stm32f10x.o(.data)
    PN532_RXCounter                          0x200000cc   Data           2  nfc.o(.data)
    PN532_rxnum                              0x200000ce   Data           2  nfc.o(.data)
    flag_rev_finish                          0x200000d0   Data           1  nfc.o(.data)
    UID                                      0x200000d1   Data           4  nfc.o(.data)
    KeyBuf                                   0x200000d5   Data           6  nfc.o(.data)
    protocol                                 0x200000dc   Data           1  psam1.o(.data)
    oo                                       0x200000dd   Data           4  des.o(.data)
    pp                                       0x200000e1   Data           4  des.o(.data)
    fnc                                      0x200000e5   Data           4  des.o(.data)
    g_cReceBuf                               0x200000ec   Data          64  main.o(.bss)
    DataBuf                                  0x2000012c   Data          64  main.o(.bss)
    msg_sendbuf                              0x2000016c   Data          64  main.o(.bss)
    NameBuf                                  0x200001ac   Data          20  main.o(.bss)
    gAPDU_repbuf                             0x200001c0   Data          22  main.o(.bss)
    gAPDU_Send                               0x200001d6   Data          26  main.o(.bss)
    g_bsp_uart_send_buf                      0x200001f0   Data         256  main.o(.bss)
    tBspSer                                  0x200002f0   Data          68  bsp_serial.o(.bss)
    g_tMsg                                   0x20000334   Data         260  msg_process.o(.bss)
    PN532_RxBuffer                           0x20000438   Data         275  nfc.o(.bss)
    BlockBuf                                 0x2000054b   Data          16  nfc.o(.bss)
    tda1_fifo                                0x2000055c   Data          12  t8029.o(.bss)
    tda2_fifo                                0x20000568   Data          12  t8029.o(.bss)
    gTDA1_Fifobuf                            0x20000574   Data         264  t8029.o(.bss)
    gTDA2_Fifobuf                            0x2000067c   Data         264  t8029.o(.bss)
    gTDA1_DMAbuf                             0x20000784   Data         264  t8029.o(.bss)
    gTDA2_DMAbuf                             0x2000088c   Data         264  t8029.o(.bss)
    tAtr                                     0x20000994   Data          84  psam1.o(.bss)
    enckey                                   0x200009e8   Data          96  des.o(.bss)
    deckey                                   0x20000a48   Data          96  des.o(.bss)
    __initial_sp                             0x20000ea8   Data           0  startup_stm32f10x_hd.o(STACK)



==============================================================================

Memory Map of the image

  Image Entry point : 0x08000131

  Load Region LR_IROM1 (Base: 0x08000000, Size: 0x0000828c, Max: 0x00080000, ABSOLUTE)

    Execution Region ER_IROM1 (Base: 0x08000000, Size: 0x000081a0, Max: 0x00080000, ABSOLUTE)

    Base Addr    Size         Type   Attr      Idx    E Section Name        Object

    0x08000000   0x00000130   Data   RO            3    RESET               startup_stm32f10x_hd.o
    0x08000130   0x00000000   Code   RO          551  * .ARM.Collect$$$$00000000  mc_w.l(entry.o)
    0x08000130   0x00000004   Code   RO          825    .ARM.Collect$$$$00000001  mc_w.l(entry2.o)
    0x08000134   0x00000004   Code   RO          828    .ARM.Collect$$$$00000004  mc_w.l(entry5.o)
    0x08000138   0x00000000   Code   RO          830    .ARM.Collect$$$$00000008  mc_w.l(entry7b.o)
    0x08000138   0x00000000   Code   RO          832    .ARM.Collect$$$$0000000A  mc_w.l(entry8b.o)
    0x08000138   0x00000008   Code   RO          833    .ARM.Collect$$$$0000000B  mc_w.l(entry9a.o)
    0x08000140   0x00000000   Code   RO          835    .ARM.Collect$$$$0000000D  mc_w.l(entry10a.o)
    0x08000140   0x00000000   Code   RO          837    .ARM.Collect$$$$0000000F  mc_w.l(entry11a.o)
    0x08000140   0x00000004   Code   RO          826    .ARM.Collect$$$$00002712  mc_w.l(entry2.o)
    0x08000144   0x00000024   Code   RO            4    .text               startup_stm32f10x_hd.o
    0x08000168   0x000006e4   Code   RO           10    .text               main.o
    0x0800084c   0x00000058   Code   RO          108    .text               stm32f10x_it.o
    0x080008a4   0x00000034   Code   RO          136    .text               bsp_led.o
    0x080008d8   0x00000470   Code   RO          151    .text               bsp_serial.o
    0x08000d48   0x000001fc   Code   RO          201    .text               msg_process.o
    0x08000f44   0x000003a4   Code   RO          229    .text               stm32f10x_rcc.o
    0x080012e8   0x0000035c   Code   RO          243    .text               stm32f10x_gpio.o
    0x08001644   0x00000408   Code   RO          255    .text               stm32f10x_usart.o
    0x08001a4c   0x000000dc   Code   RO          267    .text               misc.o
    0x08001b28   0x00000e1a   Code   RO          279    .text               stm32f10x_tim.o
    0x08002942   0x00000002   PAD
    0x08002944   0x00000254   Code   RO          291    .text               stm32f10x_dma.o
    0x08002b98   0x000001e0   Code   RO          313    .text               system_stm32f10x.o
    0x08002d78   0x000001e8   Code   RO          331    .text               pn532_dev.o
    0x08002f60   0x000009e8   Code   RO          351    .text               nfc.o
    0x08003948   0x000009d0   Code   RO          372    .text               fm1208-z.o
    0x08004318   0x000005fc   Code   RO          412    .text               t8029.o
    0x08004914   0x000003d8   Code   RO          446    .text               atr.o
    0x08004cec   0x00000afe   Code   RO          464    .text               psam1.o
    0x080057ea   0x000001dc   Code   RO          484    .text               fifo.o
    0x080059c6   0x00000002   PAD
    0x080059c8   0x00001c16   Code   RO          505    .text               des.o
    0x080075de   0x00000002   PAD
    0x080075e0   0x00000048   Code   RO          522    .text               encryption.o
    0x08007628   0x00000024   Code   RO          554    .text               mc_w.l(memcpya.o)
    0x0800764c   0x00000024   Code   RO          556    .text               mc_w.l(memseta.o)
    0x08007670   0x0000000e   Code   RO          558    .text               mc_w.l(strlen.o)
    0x0800767e   0x0000001a   Code   RO          560    .text               mc_w.l(memcmp.o)
    0x08007698   0x00000062   Code   RO          841    .text               mc_w.l(uldiv.o)
    0x080076fa   0x00000002   PAD
    0x080076fc   0x00000024   Code   RO          854    .text               mc_w.l(init.o)
    0x08007720   0x0000001e   Code   RO          856    .text               mc_w.l(llshl.o)
    0x0800773e   0x00000020   Code   RO          858    .text               mc_w.l(llushr.o)
    0x0800775e   0x00000002   PAD
    0x08007760   0x00000020   Code   RO          771    i.__0printf$8       mc_w.l(printf8.o)
    0x08007780   0x0000000e   Code   RO          866    i.__scatterload_copy  mc_w.l(handlers.o)
    0x0800778e   0x00000002   Code   RO          867    i.__scatterload_null  mc_w.l(handlers.o)
    0x08007790   0x0000000e   Code   RO          868    i.__scatterload_zeroinit  mc_w.l(handlers.o)
    0x0800779e   0x00000002   PAD
    0x080077a0   0x00000410   Code   RO          778    i._printf_core      mc_w.l(printf8.o)
    0x08007bb0   0x00000024   Code   RO          779    i._printf_post_padding  mc_w.l(printf8.o)
    0x08007bd4   0x0000002e   Code   RO          780    i._printf_pre_padding  mc_w.l(printf8.o)
    0x08007c02   0x00000002   PAD
    0x08007c04   0x00000110   Data   RO          203    .constdata          msg_process.o
    0x08007d14   0x00000004   Data   RO          353    .constdata          nfc.o
    0x08007d18   0x00000068   Data   RO          447    .constdata          atr.o
    0x08007d80   0x00000200   Data   RO          507    .constdata          des.o
    0x08007f80   0x00000200   Data   RO          523    .constdata          encryption.o
    0x08008180   0x00000020   Data   RO          864    Region$$Table       anon$$obj.o


    Execution Region RW_IRAM1 (Base: 0x20000000, Size: 0x00000ea8, Max: 0x00010000, ABSOLUTE)

    Base Addr    Size         Type   Attr      Idx    E Section Name        Object

    0x20000000   0x00000099   Data   RW           12    .data               main.o
    0x20000099   0x00000003   PAD
    0x2000009c   0x00000004   Data   RW          109    .data               stm32f10x_it.o
    0x200000a0   0x00000001   Data   RW          204    .data               msg_process.o
    0x200000a1   0x00000014   Data   RW          230    .data               stm32f10x_rcc.o
    0x200000b5   0x00000003   PAD
    0x200000b8   0x00000014   Data   RW          314    .data               system_stm32f10x.o
    0x200000cc   0x0000000f   Data   RW          354    .data               nfc.o
    0x200000db   0x00000001   Data   RW          414    .data               t8029.o
    0x200000dc   0x00000001   Data   RW          466    .data               psam1.o
    0x200000dd   0x0000000c   Data   RW          508    .data               des.o
    0x200000e9   0x00000003   PAD
    0x200000ec   0x00000204   Zero   RW           11    .bss                main.o
    0x200002f0   0x00000044   Zero   RW          152    .bss                bsp_serial.o
    0x20000334   0x00000104   Zero   RW          202    .bss                msg_process.o
    0x20000438   0x00000123   Zero   RW          352    .bss                nfc.o
    0x2000055b   0x00000001   PAD
    0x2000055c   0x00000438   Zero   RW          413    .bss                t8029.o
    0x20000994   0x00000054   Zero   RW          465    .bss                psam1.o
    0x200009e8   0x000000c0   Zero   RW          506    .bss                des.o
    0x20000aa8   0x00000400   Zero   RW            1    STACK               startup_stm32f10x_hd.o


==============================================================================

Image component sizes


      Code (inc. data)   RO Data    RW Data    ZI Data      Debug   Object Name

       984         26        104          0          0       4939   atr.o
        52          6          0          0          0        513   bsp_led.o
      1136         62          0          0         68      13949   bsp_serial.o
      7190        114        512         12        192       6350   des.o
        72         10        512          0          0       1485   encryption.o
       476          0          0          0          0       4391   fifo.o
      2512         38          0          0          0       8761   fm1208-z.o
      1764        256          0        153        516     279845   main.o
       220         22          0          0          0       1805   misc.o
       508         28        272          1        260       4351   msg_process.o
      2536         54          4         15        291      10315   nfc.o
       488         26          0          0          0       1656   pn532_dev.o
      2814         52          0          1         84      12049   psam1.o
        36          8        304          0       1024        864   startup_stm32f10x_hd.o
       596          8          0          0          0       4374   stm32f10x_dma.o
       860         38          0          0          0       5741   stm32f10x_gpio.o
        88          4          0          4          0       2900   stm32f10x_it.o
       932         36          0         20          0       8940   stm32f10x_rcc.o
      3610         88          0          0          0      22852   stm32f10x_tim.o
      1032         22          0          0          0       8464   stm32f10x_usart.o
       480         38          0         20          0       1875   system_stm32f10x.o
      1532         66          0          1       1080       9346   t8029.o

    ----------------------------------------------------------------------
     29924       1002       1740        236       3516     415765   Object Totals
         0          0         32          0          0          0   (incl. Generated)
         6          0          0          9          1          0   (incl. Padding)

    ----------------------------------------------------------------------

      Code (inc. data)   RO Data    RW Data    ZI Data      Debug   Library Member Name

         0          0          0          0          0          0   entry.o
         0          0          0          0          0          0   entry10a.o
         0          0          0          0          0          0   entry11a.o
         8          4          0          0          0          0   entry2.o
         4          0          0          0          0          0   entry5.o
         0          0          0          0          0          0   entry7b.o
         0          0          0          0          0          0   entry8b.o
         8          4          0          0          0          0   entry9a.o
        30          0          0          0          0          0   handlers.o
        36          8          0          0          0         68   init.o
        30          0          0          0          0         68   llshl.o
        32          0          0          0          0         68   llushr.o
        26          0          0          0          0         80   memcmp.o
        36          0          0          0          0         68   memcpya.o
        36          0          0          0          0        108   memseta.o
      1154         54          0          0          0        352   printf8.o
        14          0          0          0          0         68   strlen.o
        98          0          0          0          0         92   uldiv.o

    ----------------------------------------------------------------------
      1520         70          0          0          0        972   Library Totals
         8          0          0          0          0          0   (incl. Padding)

    ----------------------------------------------------------------------

      Code (inc. data)   RO Data    RW Data    ZI Data      Debug   Library Name

      1512         70          0          0          0        972   mc_w.l

    ----------------------------------------------------------------------
      1520         70          0          0          0        972   Library Totals

    ----------------------------------------------------------------------

==============================================================================


      Code (inc. data)   RO Data    RW Data    ZI Data      Debug   

     31444       1072       1740        236       3516     414549   Grand Totals
     31444       1072       1740        236       3516     414549   ELF Image Totals
     31444       1072       1740        236          0          0   ROM Totals

==============================================================================

    Total RO  Size (Code + RO Data)                33184 (  32.41kB)
    Total RW  Size (RW Data + ZI Data)              3752 (   3.66kB)
    Total ROM Size (Code + RO Data + RW Data)      33420 (  32.64kB)

==============================================================================

